Component: ARM Compiler 5.06 update 6 (build 750) Tool: armlink [4d35ed]

==============================================================================

Section Cross References

    startup_stm32h750xx.o(RESET) refers to startup_stm32h750xx.o(STACK) for __initial_sp
    startup_stm32h750xx.o(RESET) refers to startup_stm32h750xx.o(.text) for Reset_Handler
    startup_stm32h750xx.o(RESET) refers to stm32h7xx_it.o(i.NMI_Handler) for NMI_Handler
    startup_stm32h750xx.o(RESET) refers to stm32h7xx_it.o(i.HardFault_Handler) for HardFault_Handler
    startup_stm32h750xx.o(RESET) refers to stm32h7xx_it.o(i.MemManage_Handler) for MemManage_Handler
    startup_stm32h750xx.o(RESET) refers to stm32h7xx_it.o(i.BusFault_Handler) for BusFault_Handler
    startup_stm32h750xx.o(RESET) refers to stm32h7xx_it.o(i.UsageFault_Handler) for UsageFault_Handler
    startup_stm32h750xx.o(RESET) refers to stm32h7xx_it.o(i.SVC_Handler) for SVC_Handler
    startup_stm32h750xx.o(RESET) refers to stm32h7xx_it.o(i.DebugMon_Handler) for DebugMon_Handler
    startup_stm32h750xx.o(RESET) refers to stm32h7xx_it.o(i.PendSV_Handler) for PendSV_Handler
    startup_stm32h750xx.o(RESET) refers to stm32h7xx_it.o(i.SysTick_Handler) for SysTick_Handler
    startup_stm32h750xx.o(RESET) refers to stm32h7xx_it.o(i.DMA1_Stream0_IRQHandler) for DMA1_Stream0_IRQHandler
    startup_stm32h750xx.o(.text) refers to system_stm32h7xx.o(i.SystemInit) for SystemInit
    startup_stm32h750xx.o(.text) refers to entry.o(.ARM.Collect$$$$00000000) for __main
    as5600.o(i.AS5600_Read_Reg) refers to stm32h7xx_hal_i2c.o(i.HAL_I2C_Mem_Read) for HAL_I2C_Mem_Read
    as5600.o(i.AS5600_Read_Reg) refers to i2c.o(.bss) for hi2c2
    as5600.o(i.AS5600_Write_Reg) refers to stm32h7xx_hal_i2c.o(i.HAL_I2C_Mem_Write) for HAL_I2C_Mem_Write
    as5600.o(i.AS5600_Write_Reg) refers to i2c.o(.bss) for hi2c2
    as5600.o(i.AS5600_Write_Regs) refers to stm32h7xx_hal_i2c.o(i.HAL_I2C_Mem_Write) for HAL_I2C_Mem_Write
    as5600.o(i.AS5600_Write_Regs) refers to i2c.o(.bss) for hi2c2
    as5600.o(i.GetAngle) refers to as5600.o(i.GetAngle_Without_Track) for GetAngle_Without_Track
    as5600.o(i.GetAngle_Without_Track) refers to as5600.o(i.AS5600_Read_Reg) for AS5600_Read_Reg
    as5600.o(i.GetVelocity) refers to as5600.o(i.GetAngle) for GetAngle
    as5600.o(i.GetVelocity) refers to main.o(.data) for reload_value
    as5600.o(i.GetVelocity) refers to as5600.o(.data) for .data
    current.o(i.CurrSense_Init) refers to current.o(i.DriftOffsets) for DriftOffsets
    current.o(i.CurrSense_Init) refers to current.o(.data) for .data
    current.o(i.DriftOffsets) refers to stm32h7xx_hal_adc.o(i.HAL_ADC_Start_DMA) for HAL_ADC_Start_DMA
    current.o(i.DriftOffsets) refers to current.o(.data) for .data
    current.o(i.DriftOffsets) refers to adc.o(.bss) for hadc1
    current.o(i.GetPhaseCurrent) refers to stm32h7xx_hal_adc.o(i.HAL_ADC_Start_DMA) for HAL_ADC_Start_DMA
    current.o(i.GetPhaseCurrent) refers to current.o(.data) for .data
    current.o(i.GetPhaseCurrent) refers to adc.o(.bss) for hadc1
    current.o(i.Set_Cur_Sensor) refers to current.o(.data) for .data
    filter.o(i.Lowpassfilter) refers to main.o(.data) for reload_value
    foc.o(i.Check_Sensor) refers to foc.o(i.SetPhaseVoltage) for SetPhaseVoltage
    foc.o(i.Check_Sensor) refers to stm32h7xx_hal.o(i.HAL_Delay) for HAL_Delay
    foc.o(i.Check_Sensor) refers to foc.o(i.electricAngle) for electricAngle
    foc.o(i.Check_Sensor) refers to foc.o(.bss) for .bss
    foc.o(i.Check_Sensor) refers to foc.o(.data) for .data
    foc.o(i.FOC_Init) refers to stm32h7xx_hal_tim.o(i.HAL_TIM_PWM_Start) for HAL_TIM_PWM_Start
    foc.o(i.FOC_Init) refers to current.o(i.CurrSense_Init) for CurrSense_Init
    foc.o(i.FOC_Init) refers to foc.o(i.Check_Sensor) for Check_Sensor
    foc.o(i.FOC_Init) refers to foc.o(.data) for .data
    foc.o(i.FOC_Init) refers to tim.o(.bss) for htim2
    foc.o(i.FOC_Init) refers to foc.o(.bss) for .bss
    foc.o(i.M0_Set_CurTorque) refers to current.o(i.GetPhaseCurrent) for GetPhaseCurrent
    foc.o(i.M0_Set_CurTorque) refers to foc.o(i.electricAngle) for electricAngle
    foc.o(i.M0_Set_CurTorque) refers to foc.o(i.cal_Iq_Id) for cal_Iq_Id
    foc.o(i.M0_Set_CurTorque) refers to filter.o(i.Lowpassfilter) for Lowpassfilter
    foc.o(i.M0_Set_CurTorque) refers to pid.o(i.PID_Controller) for PID_Controller
    foc.o(i.M0_Set_CurTorque) refers to foc.o(i.SetPhaseVoltage) for SetPhaseVoltage
    foc.o(i.M0_Set_CurTorque) refers to foc.o(.bss) for .bss
    foc.o(i.M0_Set_CurTorque) refers to foc.o(.data) for .data
    foc.o(i.M0_Set_Position_Velocity) refers to as5600.o(i.GetAngle) for GetAngle
    foc.o(i.M0_Set_Position_Velocity) refers to pid.o(i.PID_Controller) for PID_Controller
    foc.o(i.M0_Set_Position_Velocity) refers to foc.o(i.constrain) for constrain
    foc.o(i.M0_Set_Position_Velocity) refers to foc.o(i.Set_Velocity) for Set_Velocity
    foc.o(i.M0_Set_Position_Velocity) refers to foc.o(.bss) for .bss
[...]
    .text                                    0x0800046a   Section        0  fcmplt.o(.text)
    .text                                    0x08000486   Section        0  fflti.o(.text)
    .text                                    0x08000498   Section        0  ffltui.o(.text)
    .text                                    0x080004a2   Section        0  ffixi.o(.text)
    .text                                    0x080004d4   Section        0  ffixui.o(.text)
    .text                                    0x080004fc   Section        0  llshl.o(.text)
    .text                                    0x0800051a   Section        0  llushr.o(.text)
    .text                                    0x0800053a   Section        0  fepilogue.o(.text)
    .text                                    0x0800053a   Section        0  iusefp.o(.text)
    .text                                    0x080005a8   Section        0  frem.o(.text)
    .text                                    0x080005fc   Section       36  init.o(.text)
    [Anonymous Symbol]                       0x08000620   Section        0  arm_sin_f32.o(.text.arm_sin_f32)
    i.ADC_ConfigureBoostMode                 0x080006c0   Section        0  stm32h7xx_hal_adc.o(i.ADC_ConfigureBoostMode)
    i.ADC_DMAConvCplt                        0x080007c8   Section        0  stm32h7xx_hal_adc.o(i.ADC_DMAConvCplt)
    i.ADC_DMAError                           0x08000830   Section        0  stm32h7xx_hal_adc.o(i.ADC_DMAError)
    i.ADC_DMAHalfConvCplt                    0x0800084a   Section        0  stm32h7xx_hal_adc.o(i.ADC_DMAHalfConvCplt)
    i.ADC_Enable                             0x08000854   Section        0  stm32h7xx_hal_adc.o(i.ADC_Enable)
    i.AS5600_Read_Reg                        0x080008fc   Section        0  as5600.o(i.AS5600_Read_Reg)
    i.BusFault_Handler                       0x08000918   Section        0  stm32h7xx_it.o(i.BusFault_Handler)
    i.Check_Sensor                           0x0800091c   Section        0  foc.o(i.Check_Sensor)
    i.CurrSense_Init                         0x08000984   Section        0  current.o(i.CurrSense_Init)
    i.DMA1_Stream0_IRQHandler                0x080009c0   Section        0  stm32h7xx_it.o(i.DMA1_Stream0_IRQHandler)
    i.DMA_CalcBaseAndBitshift                0x080009cc   Section        0  stm32h7xx_hal_dma.o(i.DMA_CalcBaseAndBitshift)
    DMA_CalcBaseAndBitshift                  0x080009cd   Thumb Code   168  stm32h7xx_hal_dma.o(i.DMA_CalcBaseAndBitshift)
    i.DMA_CalcDMAMUXChannelBaseAndMask       0x08000a80   Section        0  stm32h7xx_hal_dma.o(i.DMA_CalcDMAMUXChannelBaseAndMask)
    DMA_CalcDMAMUXChannelBaseAndMask         0x08000a81   Thumb Code   138  stm32h7xx_hal_dma.o(i.DMA_CalcDMAMUXChannelBaseAndMask)
    i.DMA_CalcDMAMUXRequestGenBaseAndMask    0x08000b1c   Section        0  stm32h7xx_hal_dma.o(i.DMA_CalcDMAMUXRequestGenBaseAndMask)
    DMA_CalcDMAMUXRequestGenBaseAndMask      0x08000b1d   Thumb Code   104  stm32h7xx_hal_dma.o(i.DMA_CalcDMAMUXRequestGenBaseAndMask)
    i.DMA_CheckFifoParam                     0x08000b90   Section        0  stm32h7xx_hal_dma.o(i.DMA_CheckFifoParam)
    DMA_CheckFifoParam                       0x08000b91   Thumb Code    84  stm32h7xx_hal_dma.o(i.DMA_CheckFifoParam)
    i.DMA_SetConfig                          0x08000be4   Section        0  stm32h7xx_hal_dma.o(i.DMA_SetConfig)
    DMA_SetConfig                            0x08000be5   Thumb Code   518  stm32h7xx_hal_dma.o(i.DMA_SetConfig)
    i.DebugMon_Handler                       0x08000e04   Section        0  stm32h7xx_it.o(i.DebugMon_Handler)
    i.DriftOffsets                           0x08000e08   Section        0  current.o(i.DriftOffsets)
    i.Error_Handler                          0x08000ea4   Section        0  main.o(i.Error_Handler)
    i.FOC_Init                               0x08000ea8   Section        0  foc.o(i.FOC_Init)
    i.GetAngle                               0x08000ef4   Section        0  as5600.o(i.GetAngle)
    i.GetAngle_Without_Track                 0x08000f4c   Section        0  as5600.o(i.GetAngle_Without_Track)
    i.GetVelocity                            0x08000f8c   Section        0  as5600.o(i.GetVelocity)
    i.HAL_ADCEx_MultiModeConfigChannel       0x08001030   Section        0  stm32h7xx_hal_adc_ex.o(i.HAL_ADCEx_MultiModeConfigChannel)
    i.HAL_ADC_ConfigChannel                  0x08001158   Section        0  stm32h7xx_hal_adc.o(i.HAL_ADC_ConfigChannel)
    i.HAL_ADC_ConvCpltCallback               0x08001530   Section        0  stm32h7xx_hal_adc.o(i.HAL_ADC_ConvCpltCallback)
    i.HAL_ADC_ConvHalfCpltCallback           0x08001532   Section        0  stm32h7xx_hal_adc.o(i.HAL_ADC_ConvHalfCpltCallback)
    i.HAL_ADC_ErrorCallback                  0x08001534   Section        0  stm32h7xx_hal_adc.o(i.HAL_ADC_ErrorCallback)
    i.HAL_ADC_Init                           0x08001538   Section        0  stm32h7xx_hal_adc.o(i.HAL_ADC_Init)
    i.HAL_ADC_MspInit                        0x08001760   Section        0  adc.o(i.HAL_ADC_MspInit)
    i.HAL_ADC_Start_DMA                      0x08001858   Section        0  stm32h7xx_hal_adc.o(i.HAL_ADC_Start_DMA)
    i.HAL_DMA_IRQHandler                     0x08001960   Section        0  stm32h7xx_hal_dma.o(i.HAL_DMA_IRQHandler)
    i.HAL_DMA_Init                           0x08002048   Section        0  stm32h7xx_hal_dma.o(i.HAL_DMA_Init)
    i.HAL_DMA_Start_IT                       0x0800240c   Section        0  stm32h7xx_hal_dma.o(i.HAL_DMA_Start_IT)
    i.HAL_Delay                              0x080026a8   Section        0  stm32h7xx_hal.o(i.HAL_Delay)
    i.HAL_GPIO_Init                          0x080026cc   Section        0  stm32h7xx_hal_gpio.o(i.HAL_GPIO_Init)
    i.HAL_GPIO_WritePin                      0x080028f8   Section        0  stm32h7xx_hal_gpio.o(i.HAL_GPIO_WritePin)
    i.HAL_GetREVID                           0x08002904   Section        0  stm32h7xx_hal.o(i.HAL_GetREVID)
    i.HAL_GetTick                            0x08002910   Section        0  stm32h7xx_hal.o(i.HAL_GetTick)
    i.HAL_I2CEx_ConfigAnalogFilter           0x0800291c   Section        0  stm32h7xx_hal_i2c_ex.o(i.HAL_I2CEx_ConfigAnalogFilter)
    i.HAL_I2CEx_ConfigDigitalFilter          0x08002974   Section        0  stm32h7xx_hal_i2c_ex.o(i.HAL_I2CEx_ConfigDigitalFilter)
    i.HAL_I2C_Init                           0x080029c8   Section        0  stm32h7xx_hal_i2c.o(i.HAL_I2C_Init)
    i.HAL_I2C_Mem_Read                       0x08002a88   Section        0  stm32h7xx_hal_i2c.o(i.HAL_I2C_Mem_Read)
    i.HAL_I2C_MspInit                        0x08002bec   Section        0  i2c.o(i.HAL_I2C_MspInit)
    i.HAL_IncTick                            0x08002c74   Section        0  stm32h7xx_hal.o(i.HAL_IncTick)
    i.HAL_Init                               0x08002c84   Section        0  stm32h7xx_hal.o(i.HAL_Init)
    i.HAL_InitTick                           0x08002ce0   Section        0  stm32h7xx_hal.o(i.HAL_InitTick)
    i.HAL_MPU_ConfigRegion                   0x08002d20   Section        0  stm32h7xx_hal_cortex.o(i.HAL_MPU_ConfigRegion)
    i.HAL_MPU_Disable                        0x08002d7c   Section        0  stm32h7xx_hal_cortex.o(i.HAL_MPU_Disable)
    i.HAL_MPU_Enable                         0x08002d98   Section        0  stm32h7xx_hal_cortex.o(i.HAL_MPU_Enable)
    i.HAL_MspInit                            0x08002dbc   Section        0  stm32h7xx_hal_msp.o(i.HAL_MspInit)
    i.HAL_NVIC_EnableIRQ                     0x08002dd8   Section        0  stm32h7xx_hal_cortex.o(i.HAL_NVIC_EnableIRQ)
    i.HAL_NVIC_SetPriority                   0x08002df4   Section        0  stm32h7xx_hal_cortex.o(i.HAL_NVIC_SetPriority)
    i.HAL_NVIC_SetPriorityGrouping           0x08002e34   Section        0  stm32h7xx_hal_cortex.o(i.HAL_NVIC_SetPriorityGrouping)
    i.HAL_PWREx_ConfigSupply                 0x08002e58   Section        0  stm32h7xx_hal_pwr_ex.o(i.HAL_PWREx_ConfigSupply)
    i.HAL_RCCEx_GetD3PCLK1Freq               0x08002eac   Section        0  stm32h7xx_hal_rcc_ex.o(i.HAL_RCCEx_GetD3PCLK1Freq)
    i.HAL_RCCEx_GetPLL1ClockFreq             0x08002ed0   Section        0  stm32h7xx_hal_rcc_ex.o(i.HAL_RCCEx_GetPLL1ClockFreq)
    i.HAL_RCCEx_GetPLL2ClockFreq             0x08003018   Section        0  stm32h7xx_hal_rcc_ex.o(i.HAL_RCCEx_GetPLL2ClockFreq)
    i.HAL_RCCEx_GetPLL3ClockFreq             0x0800315c   Section        0  stm32h7xx_hal_rcc_ex.o(i.HAL_RCCEx_GetPLL3ClockFreq)
    i.HAL_RCCEx_GetPeriphCLKFreq             0x080032a0   Section        0  stm32h7xx_hal_rcc_ex.o(i.HAL_RCCEx_GetPeriphCLKFreq)
    i.HAL_RCCEx_PeriphCLKConfig              0x08003568   Section        0  stm32h7xx_hal_rcc_ex.o(i.HAL_RCCEx_PeriphCLKConfig)
    i.HAL_RCC_ClockConfig                    0x08003f14   Section        0  stm32h7xx_hal_rcc.o(i.HAL_RCC_ClockConfig)
    i.HAL_RCC_GetHCLKFreq                    0x08004170   Section        0  stm32h7xx_hal_rcc.o(i.HAL_RCC_GetHCLKFreq)
    i.HAL_RCC_GetPCLK1Freq                   0x080041b4   Section        0  stm32h7xx_hal_rcc.o(i.HAL_RCC_GetPCLK1Freq)
    i.HAL_RCC_GetPCLK2Freq                   0x080041d8   Section        0  stm32h7xx_hal_rcc.o(i.HAL_RCC_GetPCLK2Freq)
    i.HAL_RCC_GetSysClockFreq                0x080041fc   Section        0  stm32h7xx_hal_rcc.o(i.HAL_RCC_GetSysClockFreq)
    i.HAL_RCC_OscConfig                      0x08004334   Section        0  stm32h7xx_hal_rcc.o(i.HAL_RCC_OscConfig)
    i.HAL_SYSTICK_Config                     0x080048b6   Section        0  stm32h7xx_hal_cortex.o(i.HAL_SYSTICK_Config)
    i.HAL_TIMEx_MasterConfigSynchronization  0x080048dc   Section        0  stm32h7xx_hal_tim_ex.o(i.HAL_TIMEx_MasterConfigSynchronization)
    i.HAL_TIM_Base_Init                      0x08004980   Section        0  stm32h7xx_hal_tim.o(i.HAL_TIM_Base_Init)
    i.HAL_TIM_Base_MspInit                   0x080049e4   Section        0  tim.o(i.HAL_TIM_Base_MspInit)
    i.HAL_TIM_ConfigClockSource              0x08004a08   Section        0  stm32h7xx_hal_tim.o(i.HAL_TIM_ConfigClockSource)
    i.HAL_TIM_MspPostInit                    0x08004b04   Section        0  tim.o(i.HAL_TIM_MspPostInit)
    i.HAL_TIM_PWM_ConfigChannel              0x08004b54   Section        0  stm32h7xx_hal_tim.o(i.HAL_TIM_PWM_ConfigChannel)
    i.HAL_TIM_PWM_Init                       0x08004c78   Section        0  stm32h7xx_hal_tim.o(i.HAL_TIM_PWM_Init)
    i.HAL_TIM_PWM_MspInit                    0x08004cda   Section        0  stm32h7xx_hal_tim.o(i.HAL_TIM_PWM_MspInit)
    i.HAL_TIM_PWM_Start                      0x08004cdc   Section        0  stm32h7xx_hal_tim.o(i.HAL_TIM_PWM_Start)
    i.HAL_UARTEx_DisableFifoMode             0x08004dec   Section        0  stm32h7xx_hal_uart_ex.o(i.HAL_UARTEx_DisableFifoMode)
    i.HAL_UARTEx_SetRxFifoThreshold          0x08004e2c   Section        0  stm32h7xx_hal_uart_ex.o(i.HAL_UARTEx_SetRxFifoThreshold)
    i.HAL_UARTEx_SetTxFifoThreshold          0x08004e78   Section        0  stm32h7xx_hal_uart_ex.o(i.HAL_UARTEx_SetTxFifoThreshold)
    i.HAL_UART_Init                          0x08004ec4   Section        0  stm32h7xx_hal_uart.o(i.HAL_UART_Init)
    i.HAL_UART_MspInit                       0x08004f30   Section        0  usart.o(i.HAL_UART_MspInit)
    i.HardFault_Handler                      0x08004fb8   Section        0  stm32h7xx_it.o(i.HardFault_Handler)
    i.I2C_Flush_TXDR                         0x08004fba   Section        0  stm32h7xx_hal_i2c.o(i.I2C_Flush_TXDR)
    I2C_Flush_TXDR                           0x08004fbb   Thumb Code    34  stm32h7xx_hal_i2c.o(i.I2C_Flush_TXDR)
    i.I2C_IsErrorOccurred                    0x08004fdc   Section        0  stm32h7xx_hal_i2c.o(i.I2C_IsErrorOccurred)
    I2C_IsErrorOccurred                      0x08004fdd   Thumb Code   268  stm32h7xx_hal_i2c.o(i.I2C_IsErrorOccurred)
    i.I2C_RequestMemoryRead                  0x080050ec   Section        0  stm32h7xx_hal_i2c.o(i.I2C_RequestMemoryRead)
    I2C_RequestMemoryRead                    0x080050ed   Thumb Code    94  stm32h7xx_hal_i2c.o(i.I2C_RequestMemoryRead)
    i.I2C_TransferConfig                     0x08005150   Section        0  stm32h7xx_hal_i2c.o(i.I2C_TransferConfig)
    I2C_TransferConfig                       0x08005151   Thumb Code    44  stm32h7xx_hal_i2c.o(i.I2C_TransferConfig)
    i.I2C_WaitOnFlagUntilTimeout             0x08005180   Section        0  stm32h7xx_hal_i2c.o(i.I2C_WaitOnFlagUntilTimeout)
    I2C_WaitOnFlagUntilTimeout               0x08005181   Thumb Code   124  stm32h7xx_hal_i2c.o(i.I2C_WaitOnFlagUntilTimeout)
    i.I2C_WaitOnSTOPFlagUntilTimeout         0x080051fc   Section        0  stm32h7xx_hal_i2c.o(i.I2C_WaitOnSTOPFlagUntilTimeout)
    I2C_WaitOnSTOPFlagUntilTimeout           0x080051fd   Thumb Code    88  stm32h7xx_hal_i2c.o(i.I2C_WaitOnSTOPFlagUntilTimeout)
    i.I2C_WaitOnTXISFlagUntilTimeout         0x08005254   Section        0  stm32h7xx_hal_i2c.o(i.I2C_WaitOnTXISFlagUntilTimeout)
    I2C_WaitOnTXISFlagUntilTimeout           0x08005255   Thumb Code    92  stm32h7xx_hal_i2c.o(i.I2C_WaitOnTXISFlagUntilTimeout)
    i.LL_ADC_INJ_IsConversionOngoing         0x080052b0   Section        0  stm32h7xx_hal_adc.o(i.LL_ADC_INJ_IsConversionOngoing)
    LL_ADC_INJ_IsConversionOngoing           0x080052b1   Thumb Code     8  stm32h7xx_hal_adc.o(i.LL_ADC_INJ_IsConversionOngoing)
    i.LL_ADC_REG_IsConversionOngoing         0x080052b8   Section        0  stm32h7xx_hal_adc.o(i.LL_ADC_REG_IsConversionOngoing)
    LL_ADC_REG_IsConversionOngoing           0x080052b9   Thumb Code     8  stm32h7xx_hal_adc.o(i.LL_ADC_REG_IsConversionOngoing)
    i.LL_ADC_REG_IsConversionOngoing         0x080052c0   Section        0  stm32h7xx_hal_adc_ex.o(i.LL_ADC_REG_IsConversionOngoing)
    LL_ADC_REG_IsConversionOngoing           0x080052c1   Thumb Code     8  stm32h7xx_hal_adc_ex.o(i.LL_ADC_REG_IsConversionOngoing)
    i.LL_ADC_REG_IsTriggerSourceSWStart      0x080052c8   Section        0  stm32h7xx_hal_adc.o(i.LL_ADC_REG_IsTriggerSourceSWStart)
    LL_ADC_REG_IsTriggerSourceSWStart        0x080052c9   Thumb Code    16  stm32h7xx_hal_adc.o(i.LL_ADC_REG_IsTriggerSourceSWStart)
    i.LL_ADC_SetChannelSamplingTime          0x080052d8   Section        0  stm32h7xx_hal_adc.o(i.LL_ADC_SetChannelSamplingTime)
    LL_ADC_SetChannelSamplingTime            0x080052d9   Thumb Code    30  stm32h7xx_hal_adc.o(i.LL_ADC_SetChannelSamplingTime)
    i.Lowpassfilter                          0x080052f8   Section        0  filter.o(i.Lowpassfilter)
    i.M0_Set_Position_Velocity               0x080053a0   Section        0  foc.o(i.M0_Set_Position_Velocity)
    i.MX_ADC1_Init                           0x080053f8   Section        0  adc.o(i.MX_ADC1_Init)
    i.MX_DMA_Init                            0x080054a0   Section        0  dma.o(i.MX_DMA_Init)
    i.MX_GPIO_Init                           0x080054cc   Section        0  gpio.o(i.MX_GPIO_Init)
    i.MX_I2C2_Init                           0x08005508   Section        0  i2c.o(i.MX_I2C2_Init)
    i.MX_TIM2_Init                           0x08005560   Section        0  tim.o(i.MX_TIM2_Init)
    i.MX_USART1_UART_Init                    0x08005618   Section        0  usart.o(i.MX_USART1_UART_Init)
    i.MemManage_Handler                      0x08005680   Section        0  stm32h7xx_it.o(i.MemManage_Handler)
    i.Motor_en                               0x08005684   Section        0  foc.o(i.Motor_en)
    i.NMI_Handler                            0x080056d0   Section        0  stm32h7xx_it.o(i.NMI_Handler)
    i.PID_Controller                         0x080056d4   Section        0  pid.o(i.PID_Controller)
    i.PID_Init                               0x080057a8   Section        0  pid.o(i.PID_Init)
    i.PWM_Channel1                           0x080057c8   Section        0  foc.o(i.PWM_Channel1)
    i.PWM_Channel2                           0x080057e4   Section        0  foc.o(i.PWM_Channel2)
    i.PWM_Channel3                           0x08005800   Section        0  foc.o(i.PWM_Channel3)
    i.PendSV_Handler                         0x0800581c   Section        0  stm32h7xx_it.o(i.PendSV_Handler)
    i.RCCEx_PLL2_Config                      0x08005820   Section        0  stm32h7xx_hal_rcc_ex.o(i.RCCEx_PLL2_Config)
    RCCEx_PLL2_Config                        0x08005821   Thumb Code   284  stm32h7xx_hal_rcc_ex.o(i.RCCEx_PLL2_Config)
    i.RCCEx_PLL3_Config                      0x08005940   Section        0  stm32h7xx_hal_rcc_ex.o(i.RCCEx_PLL3_Config)
    RCCEx_PLL3_Config                        0x08005941   Thumb Code   284  stm32h7xx_hal_rcc_ex.o(i.RCCEx_PLL3_Config)
    i.SVC_Handler                            0x08005a60   Section        0  stm32h7xx_it.o(i.SVC_Handler)
    i.SetPhaseVoltage                        0x08005a64   Section        0  foc.o(i.SetPhaseVoltage)
    i.SetPwm                                 0x08005aec   Section        0  foc.o(i.SetPwm)
    i.Set_Velocity                           0x08005bc8   Section        0  foc.o(i.Set_Velocity)
    i.SysTick_Handler                        0x08005c3c   Section        0  stm32h7xx_it.o(i.SysTick_Handler)
    i.SystemClock_Config                     0x08005c40   Section        0  main.o(i.SystemClock_Config)
    i.SystemInit                             0x08005d1c   Section        0  system_stm32h7xx.o(i.SystemInit)
    i.TIM_Base_SetConfig                     0x08005df8   Section        0  stm32h7xx_hal_tim.o(i.TIM_Base_SetConfig)
    i.TIM_CCxChannelCmd                      0x08005ec8   Section        0  stm32h7xx_hal_tim.o(i.TIM_CCxChannelCmd)
    i.TIM_ETR_SetConfig                      0x08005ee2   Section        0  stm32h7xx_hal_tim.o(i.TIM_ETR_SetConfig)
    i.TIM_ITRx_SetConfig                     0x08005ef4   Section        0  stm32h7xx_hal_tim.o(i.TIM_ITRx_SetConfig)
    TIM_ITRx_SetConfig                       0x08005ef5   Thumb Code    16  stm32h7xx_hal_tim.o(i.TIM_ITRx_SetConfig)
    i.TIM_OC1_SetConfig                      0x08005f08   Section        0  stm32h7xx_hal_tim.o(i.TIM_OC1_SetConfig)
    TIM_OC1_SetConfig                        0x08005f09   Thumb Code   140  stm32h7xx_hal_tim.o(i.TIM_OC1_SetConfig)
    i.TIM_OC2_SetConfig                      0x08005fac   Section        0  stm32h7xx_hal_tim.o(i.TIM_OC2_SetConfig)
    i.TIM_OC3_SetConfig                      0x08006044   Section        0  stm32h7xx_hal_tim.o(i.TIM_OC3_SetConfig)
    TIM_OC3_SetConfig                        0x08006045   Thumb Code   126  stm32h7xx_hal_tim.o(i.TIM_OC3_SetConfig)
    i.TIM_OC4_SetConfig                      0x080060dc   Section        0  stm32h7xx_hal_tim.o(i.TIM_OC4_SetConfig)
    TIM_OC4_SetConfig                        0x080060dd   Thumb Code    96  stm32h7xx_hal_tim.o(i.TIM_OC4_SetConfig)
    i.TIM_OC5_SetConfig                      0x08006154   Section        0  stm32h7xx_hal_tim.o(i.TIM_OC5_SetConfig)
    TIM_OC5_SetConfig                        0x08006155   Thumb Code    90  stm32h7xx_hal_tim.o(i.TIM_OC5_SetConfig)
    i.TIM_OC6_SetConfig                      0x080061c8   Section        0  stm32h7xx_hal_tim.o(i.TIM_OC6_SetConfig)
    TIM_OC6_SetConfig                        0x080061c9   Thumb Code    90  stm32h7xx_hal_tim.o(i.TIM_OC6_SetConfig)
    i.TIM_TI1_ConfigInputStage               0x0800623c   Section        0  stm32h7xx_hal_tim.o(i.TIM_TI1_ConfigInputStage)
    TIM_TI1_ConfigInputStage                 0x0800623d   Thumb Code    34  stm32h7xx_hal_tim.o(i.TIM_TI1_ConfigInputStage)
    i.TIM_TI2_ConfigInputStage               0x0800625e   Section        0  stm32h7xx_hal_tim.o(i.TIM_TI2_ConfigInputStage)
    TIM_TI2_ConfigInputStage                 0x0800625f   Thumb Code    36  stm32h7xx_hal_tim.o(i.TIM_TI2_ConfigInputStage)
    i.UARTEx_SetNbDataToProcess              0x08006284   Section        0  stm32h7xx_hal_uart_ex.o(i.UARTEx_SetNbDataToProcess)
    UARTEx_SetNbDataToProcess                0x08006285   Thumb Code    62  stm32h7xx_hal_uart_ex.o(i.UARTEx_SetNbDataToProcess)
    i.UART_AdvFeatureConfig                  0x080062c8   Section        0  stm32h7xx_hal_uart.o(i.UART_AdvFeatureConfig)
    i.UART_CheckIdleState                    0x08006390   Section        0  stm32h7xx_hal_uart.o(i.UART_CheckIdleState)
    i.UART_EndRxTransfer                     0x0800643c   Section        0  stm32h7xx_hal_uart.o(i.UART_EndRxTransfer)
    UART_EndRxTransfer                       0x0800643d   Thumb Code    78  stm32h7xx_hal_uart.o(i.UART_EndRxTransfer)
    i.UART_SetConfig                         0x08006490   Section        0  stm32h7xx_hal_uart.o(i.UART_SetConfig)
    i.UART_WaitOnFlagUntilTimeout            0x0800683c   Section        0  stm32h7xx_hal_uart.o(i.UART_WaitOnFlagUntilTimeout)
    i.UsageFault_Handler                     0x080068d0   Section        0  stm32h7xx_it.o(i.UsageFault_Handler)
    i.__ARM_fpclassifyf                      0x080068d2   Section        0  fpclassifyf.o(i.__ARM_fpclassifyf)
    i.__NVIC_SetPriority                     0x080068f8   Section        0  stm32h7xx_hal_cortex.o(i.__NVIC_SetPriority)
    __NVIC_SetPriority                       0x080068f9   Thumb Code    34  stm32h7xx_hal_cortex.o(i.__NVIC_SetPriority)
    i.__hardfp_cosf                          0x0800691c   Section        0  cosf.o(i.__hardfp_cosf)
    i.__hardfp_fmodf                         0x08006a6c   Section        0  fmodf.o(i.__hardfp_fmodf)
    i.__hardfp_sinf                          0x08006b1c   Section        0  sinf.o(i.__hardfp_sinf)
    i.__mathlib_flt_infnan                   0x08006cb0   Section        0  funder.o(i.__mathlib_flt_infnan)
    i.__mathlib_flt_invalid                  0x08006cb8   Section        0  funder.o(i.__mathlib_flt_invalid)
    i.__mathlib_flt_underflow                0x08006cc8   Section        0  funder.o(i.__mathlib_flt_underflow)
    i.__mathlib_rredf2                       0x08006cd8   Section        0  rredf.o(i.__mathlib_rredf2)
    i.__scatterload_copy                     0x08006e2c   Section       14  handlers.o(i.__scatterload_copy)
    i.__scatterload_null                     0x08006e3a   Section        2  handlers.o(i.__scatterload_null)
    i.__scatterload_zeroinit                 0x08006e3c   Section       14  handlers.o(i.__scatterload_zeroinit)
    i.__set_errno                            0x08006e4c   Section        0  errno.o(i.__set_errno)
    i._constrain                             0x08006e58   Section        0  pid.o(i._constrain)
    i.constrain                              0x08006e78   Section        0  foc.o(i.constrain)
    i.electricAngle                          0x08006e98   Section        0  foc.o(i.electricAngle)
    i.main                                   0x08006ed4   Section        0  main.o(i.main)
    i.normalizeAngle                         0x08006fe0   Section        0  foc.o(i.normalizeAngle)
    .constdata                               0x0800700c   Section        8  stm32h7xx_hal_dma.o(.constdata)
    flagBitshiftOffset                       0x0800700c   Data           8  stm32h7xx_hal_dma.o(.constdata)
    .constdata                               0x08007014   Section       24  stm32h7xx_hal_uart.o(.constdata)
    .constdata                               0x0800702c   Section       16  stm32h7xx_hal_uart_ex.o(.constdata)
    numerator                                0x0800702c   Data           8  stm32h7xx_hal_uart_ex.o(.constdata)
    denominator                              0x08007034   Data           8  stm32h7xx_hal_uart_ex.o(.constdata)
    .constdata                               0x0800703c   Section       16  system_stm32h7xx.o(.constdata)
    .constdata                               0x0800704c   Section       32  rredf.o(.constdata)
    twooverpi                                0x0800704c   Data          32  rredf.o(.constdata)
    .data                                    0x24000000   Section        4  as5600.o(.data)
    .data                                    0x24000004   Section       40  current.o(.data)
    .data                                    0x24000030   Section       80  foc.o(.data)
    .data                                    0x24000080   Section       16  main.o(.data)
    .data                                    0x24000090   Section       12  stm32h7xx_hal.o(.data)
    .data                                    0x2400009c   Section        8  system_stm32h7xx.o(.data)
    .data                                    0x240000a4   Section        4  errno.o(.data)
    _errno                                   0x240000a4   Data           4  errno.o(.data)
    .bss                                     0x240000a8   Section       96  foc.o(.bss)
    .bss                                     0x24000108   Section       84  main.o(.bss)
    .bss                                     0x2400015c   Section      220  adc.o(.bss)
    .bss                                     0x24000238   Section       84  i2c.o(.bss)
    .bss                                     0x2400028c   Section       76  tim.o(.bss)
    .bss                                     0x240002d8   Section      148  usart.o(.bss)
    STACK                                    0x24000370   Section     1024  startup_stm32h750xx.o(STACK)

    Global Symbols

    Symbol Name                              Value     Ov Type        Size  Object(Section)

    BuildAttributes$$THM_ISAv4$E$P$D$K$B$S$7EM$VFPv5_D16$PE$PLD8$A:L22UL41UL21$X:L11$S22US41US21$IEEE1$IW$USESV6$~STKCKD$USESV7$~SHL$OTIME$ROPI$IEEEX$EBA8$MICROLIB$REQ8$PRES8$EABIv2 0x00000000   Number         0  anon$$obj.o ABSOLUTE
    __ARM_use_no_argv                        0x00000000   Number         0  main.o ABSOLUTE
    __cpp_initialize__aeabi_                  - Undefined Weak Reference
    __cxa_finalize                            - Undefined Weak Reference
    __decompress                              - Undefined Weak Reference
    _clock_init                               - Undefined Weak Reference
    _microlib_exit                            - Undefined Weak Reference
    __Vectors_Size                           0x00000298   Number         0  startup_stm32h750xx.o ABSOLUTE
    __Vectors                                0x08000000   Data           4  startup_stm32h750xx.o(RESET)
    __Vectors_End                            0x08000298   Data           0  startup_stm32h750xx.o(RESET)
    __main                                   0x08000299   Thumb Code     0  entry.o(.ARM.Collect$$$$00000000)
    _main_stk                                0x08000299   Thumb Code     0  entry2.o(.ARM.Collect$$$$00000001)
    _main_scatterload                        0x0800029d   Thumb Code     0  entry5.o(.ARM.Collect$$$$00000004)
    __main_after_scatterload                 0x080002a1   Thumb Code     0  entry5.o(.ARM.Collect$$$$00000004)
    _main_clock                              0x080002a1   Thumb Code     0  entry7b.o(.ARM.Collect$$$$00000008)
    _main_cpp_init                           0x080002a1   Thumb Code     0  entry8b.o(.ARM.Collect$$$$0000000A)
    _main_init                               0x080002a1   Thumb Code     0  entry9a.o(.ARM.Collect$$$$0000000B)
    __rt_final_cpp                           0x080002a9   Thumb Code     0  entry10a.o(.ARM.Collect$$$$0000000D)
    __rt_final_exit                          0x080002a9   Thumb Code     0  entry11a.o(.ARM.Collect$$$$0000000F)
    Reset_Handler                            0x080002ad   Thumb Code     8  startup_stm32h750xx.o(.text)
    ADC3_IRQHandler                          0x080002c7   Thumb Code     0  startup_stm32h750xx.o(.text)
    ADC_IRQHandler                           0x080002c7   Thumb Code     0  startup_stm32h750xx.o(.text)
    BDMA_Channel0_IRQHandler                 0x080002c7   Thumb Code     0  startup_stm32h750xx.o(.text)
    BDMA_Channel1_IRQHandler                 0x080002c7   Thumb Code     0  startup_stm32h750xx.o(.text)
    BDMA_Channel2_IRQHandler                 0x080002c7   Thumb Code     0  startup_stm32h750xx.o(.text)
    BDMA_Channel3_IRQHandler                 0x080002c7   Thumb Code     0  startup_stm32h750xx.o(.text)
    BDMA_Channel4_IRQHandler                 0x080002c7   Thumb Code     0  startup_stm32h750xx.o(.text)
    BDMA_Channel5_IRQHandler                 0x080002c7   Thumb Code     0  startup_stm32h750xx.o(.text)
    BDMA_Channel6_IRQHandler                 0x080002c7   Thumb Code     0  startup_stm32h750xx.o(.text)
    BDMA_Channel7_IRQHandler                 0x080002c7   Thumb Code     0  startup_stm32h750xx.o(.text)
    CEC_IRQHandler                           0x080002c7   Thumb Code     0  startup_stm32h750xx.o(.text)
    COMP1_IRQHandler                         0x080002c7   Thumb Code     0  startup_stm32h750xx.o(.text)
    CRS_IRQHandler                           0x080002c7   Thumb Code     0  startup_stm32h750xx.o(.text)
    CRYP_IRQHandler                          0x080002c7   Thumb Code     0  startup_stm32h750xx.o(.text)
    DCMI_IRQHandler                          0x080002c7   Thumb Code     0  startup_stm32h750xx.o(.text)
    DFSDM1_FLT0_IRQHandler                   0x080002c7   Thumb Code     0  startup_stm32h750xx.o(.text)
    DFSDM1_FLT1_IRQHandler                   0x080002c7   Thumb Code     0  startup_stm32h750xx.o(.text)
    DFSDM1_FLT2_IRQHandler                   0x080002c7   Thumb Code     0  startup_stm32h750xx.o(.text)
    DFSDM1_FLT3_IRQHandler                   0x080002c7   Thumb Code     0  startup_stm32h750xx.o(.text)
    DMA1_Stream1_IRQHandler                  0x080002c7   Thumb Code     0  startup_stm32h750xx.o(.text)
    DMA1_Stream2_IRQHandler                  0x080002c7   Thumb Code     0  startup_stm32h750xx.o(.text)
    DMA1_Stream3_IRQHandler                  0x080002c7   Thumb Code     0  startup_stm32h750xx.o(.text)
    DMA1_Stream4_IRQHandler                  0x080002c7   Thumb Code     0  startup_stm32h750xx.o(.text)
    DMA1_Stream5_IRQHandler                  0x080002c7   Thumb Code     0  startup_stm32h750xx.o(.text)
    DMA1_Stream6_IRQHandler                  0x080002c7   Thumb Code     0  startup_stm32h750xx.o(.text)
    DMA1_Stream7_IRQHandler                  0x080002c7   Thumb Code     0  startup_stm32h750xx.o(.text)
    DMA2D_IRQHandler                         0x080002c7   Thumb Code     0  startup_stm32h750xx.o(.text)
    DMA2_Stream0_IRQHandler                  0x080002c7   Thumb Code     0  startup_stm32h750xx.o(.text)
    DMA2_Stream1_IRQHandler                  0x080002c7   Thumb Code     0  startup_stm32h750xx.o(.text)
    DMA2_Stream2_IRQHandler                  0x080002c7   Thumb Code     0  startup_stm32h750xx.o(.text)
    DMA2_Stream3_IRQHandler                  0x080002c7   Thumb Code     0  startup_stm32h750xx.o(.text)
    DMA2_Stream4_IRQHandler                  0x080002c7   Thumb Code     0  startup_stm32h750xx.o(.text)
    DMA2_Stream5_IRQHandler                  0x080002c7   Thumb Code     0  startup_stm32h750xx.o(.text)
    DMA2_Stream6_IRQHandler                  0x080002c7   Thumb Code     0  startup_stm32h750xx.o(.text)
    DMA2_Stream7_IRQHandler                  0x080002c7   Thumb Code     0  startup_stm32h750xx.o(.text)
    DMAMUX1_OVR_IRQHandler                   0x080002c7   Thumb Code     0  startup_stm32h750xx.o(.text)
    DMAMUX2_OVR_IRQHandler                   0x080002c7   Thumb Code     0  startup_stm32h750xx.o(.text)
    ECC_IRQHandler                           0x080002c7   Thumb Code     0  startup_stm32h750xx.o(.text)
    ETH_IRQHandler                           0x080002c7   Thumb Code     0  startup_stm32h750xx.o(.text)
    ETH_WKUP_IRQHandler                      0x080002c7   Thumb Code     0  startup_stm32h750xx.o(.text)
    EXTI0_IRQHandler                         0x080002c7   Thumb Code     0  startup_stm32h750xx.o(.text)
    EXTI15_10_IRQHandler                     0x080002c7   Thumb Code     0  startup_stm32h750xx.o(.text)
    EXTI1_IRQHandler                         0x080002c7   Thumb Code     0  startup_stm32h750xx.o(.text)
    EXTI2_IRQHandler                         0x080002c7   Thumb Code     0  startup_stm32h750xx.o(.text)
    EXTI3_IRQHandler                         0x080002c7   Thumb Code     0  startup_stm32h750xx.o(.text)
    EXTI4_IRQHandler                         0x080002c7   Thumb Code     0  startup_stm32h750xx.o(.text)
    EXTI9_5_IRQHandler                       0x080002c7   Thumb Code     0  startup_stm32h750xx.o(.text)
    FDCAN1_IT0_IRQHandler                    0x080002c7   Thumb Code     0  startup_stm32h750xx.o(.text)
    FDCAN1_IT1_IRQHandler                    0x080002c7   Thumb Code     0  startup_stm32h750xx.o(.text)
    FDCAN2_IT0_IRQHandler                    0x080002c7   Thumb Code     0  startup_stm32h750xx.o(.text)
    FDCAN2_IT1_IRQHandler                    0x080002c7   Thumb Code     0  startup_stm32h750xx.o(.text)
    FDCAN_CAL_IRQHandler                     0x080002c7   Thumb Code     0  startup_stm32h750xx.o(.text)
    FLASH_IRQHandler                         0x080002c7   Thumb Code     0  startup_stm32h750xx.o(.text)
    FMC_IRQHandler                           0x080002c7   Thumb Code     0  startup_stm32h750xx.o(.text)
    FPU_IRQHandler                           0x080002c7   Thumb Code     0  startup_stm32h750xx.o(.text)
    HASH_RNG_IRQHandler                      0x080002c7   Thumb Code     0  startup_stm32h750xx.o(.text)
    HRTIM1_FLT_IRQHandler                    0x080002c7   Thumb Code     0  startup_stm32h750xx.o(.text)
    HRTIM1_Master_IRQHandler                 0x080002c7   Thumb Code     0  startup_stm32h750xx.o(.text)
    HRTIM1_TIMA_IRQHandler                   0x080002c7   Thumb Code     0  startup_stm32h750xx.o(.text)
    HRTIM1_TIMB_IRQHandler                   0x080002c7   Thumb Code     0  startup_stm32h750xx.o(.text)
    HRTIM1_TIMC_IRQHandler                   0x080002c7   Thumb Code     0  startup_stm32h750xx.o(.text)
    HRTIM1_TIMD_IRQHandler                   0x080002c7   Thumb Code     0  startup_stm32h750xx.o(.text)
    HRTIM1_TIME_IRQHandler                   0x080002c7   Thumb Code     0  startup_stm32h750xx.o(.text)
    HSEM1_IRQHandler                         0x080002c7   Thumb Code     0  startup_stm32h750xx.o(.text)
    I2C1_ER_IRQHandler                       0x080002c7   Thumb Code     0  startup_stm32h750xx.o(.text)
    I2C1_EV_IRQHandler                       0x080002c7   Thumb Code     0  startup_stm32h750xx.o(.text)
    I2C2_ER_IRQHandler                       0x080002c7   Thumb Code     0  startup_stm32h750xx.o(.text)
    I2C2_EV_IRQHandler                       0x080002c7   Thumb Code     0  startup_stm32h750xx.o(.text)
    I2C3_ER_IRQHandler                       0x080002c7   Thumb Code     0  startup_stm32h750xx.o(.text)
    I2C3_EV_IRQHandler                       0x080002c7   Thumb Code     0  startup_stm32h750xx.o(.text)
    I2C4_ER_IRQHandler                       0x080002c7   Thumb Code     0  startup_stm32h750xx.o(.text)
    I2C4_EV_IRQHandler                       0x080002c7   Thumb Code     0  startup_stm32h750xx.o(.text)
    JPEG_IRQHandler                          0x080002c7   Thumb Code     0  startup_stm32h750xx.o(.text)
    LPTIM1_IRQHandler                        0x080002c7   Thumb Code     0  startup_stm32h750xx.o(.text)
    LPTIM2_IRQHandler                        0x080002c7   Thumb Code     0  startup_stm32h750xx.o(.text)
    LPTIM3_IRQHandler                        0x080002c7   Thumb Code     0  startup_stm32h750xx.o(.text)
    LPTIM4_IRQHandler                        0x080002c7   Thumb Code     0  startup_stm32h750xx.o(.text)
    LPTIM5_IRQHandler                        0x080002c7   Thumb Code     0  startup_stm32h750xx.o(.text)
    LPUART1_IRQHandler                       0x080002c7   Thumb Code     0  startup_stm32h750xx.o(.text)
    LTDC_ER_IRQHandler                       0x080002c7   Thumb Code     0  startup_stm32h750xx.o(.text)
    LTDC_IRQHandler                          0x080002c7   Thumb Code     0  startup_stm32h750xx.o(.text)
    MDIOS_IRQHandler                         0x080002c7   Thumb Code     0  startup_stm32h750xx.o(.text)
    MDIOS_WKUP_IRQHandler                    0x080002c7   Thumb Code     0  startup_stm32h750xx.o(.text)
    MDMA_IRQHandler                          0x080002c7   Thumb Code     0  startup_stm32h750xx.o(.text)
    OTG_FS_EP1_IN_IRQHandler                 0x080002c7   Thumb Code     0  startup_stm32h750xx.o(.text)
    OTG_FS_EP1_OUT_IRQHandler                0x080002c7   Thumb Code     0  startup_stm32h750xx.o(.text)
    OTG_FS_IRQHandler                        0x080002c7   Thumb Code     0  startup_stm32h750xx.o(.text)
    OTG_FS_WKUP_IRQHandler                   0x080002c7   Thumb Code     0  startup_stm32h750xx.o(.text)
    OTG_HS_EP1_IN_IRQHandler                 0x080002c7   Thumb Code     0  startup_stm32h750xx.o(.text)
    OTG_HS_EP1_OUT_IRQHandler                0x080002c7   Thumb Code     0  startup_stm32h750xx.o(.text)
    OTG_HS_IRQHandler                        0x080002c7   Thumb Code     0  startup_stm32h750xx.o(.text)
    OTG_HS_WKUP_IRQHandler                   0x080002c7   Thumb Code     0  startup_stm32h750xx.o(.text)
    PVD_AVD_IRQHandler                       0x080002c7   Thumb Code     0  startup_stm32h750xx.o(.text)
    QUADSPI_IRQHandler                       0x080002c7   Thumb Code     0  startup_stm32h750xx.o(.text)
    RCC_IRQHandler                           0x080002c7   Thumb Code     0  startup_stm32h750xx.o(.text)
    RTC_Alarm_IRQHandler                     0x080002c7   Thumb Code     0  startup_stm32h750xx.o(.text)
    RTC_WKUP_IRQHandler                      0x080002c7   Thumb Code     0  startup_stm32h750xx.o(.text)
    SAI1_IRQHandler                          0x080002c7   Thumb Code     0  startup_stm32h750xx.o(.text)
    SAI2_IRQHandler                          0x080002c7   Thumb Code     0  startup_stm32h750xx.o(.text)
    SAI3_IRQHandler                          0x080002c7   Thumb Code     0  startup_stm32h750xx.o(.text)
    SAI4_IRQHandler                          0x080002c7   Thumb Code     0  startup_stm32h750xx.o(.text)
    SDMMC1_IRQHandler                        0x080002c7   Thumb Code     0  startup_stm32h750xx.o(.text)
    SDMMC2_IRQHandler                        0x080002c7   Thumb Code     0  startup_stm32h750xx.o(.text)
    SPDIF_RX_IRQHandler                      0x080002c7   Thumb Code     0  startup_stm32h750xx.o(.text)
    SPI1_IRQHandler                          0x080002c7   Thumb Code     0  startup_stm32h750xx.o(.text)
    SPI2_IRQHandler                          0x080002c7   Thumb Code     0  startup_stm32h750xx.o(.text)
    SPI3_IRQHandler                          0x080002c7   Thumb Code     0  startup_stm32h750xx.o(.text)
    SPI4_IRQHandler                          0x080002c7   Thumb Code     0  startup_stm32h750xx.o(.text)
    SPI5_IRQHandler                          0x080002c7   Thumb Code     0  startup_stm32h750xx.o(.text)
    SPI6_IRQHandler                          0x080002c7   Thumb Code     0  startup_stm32h750xx.o(.text)
    SWPMI1_IRQHandler                        0x080002c7   Thumb Code     0  startup_stm32h750xx.o(.text)
    TAMP_STAMP_IRQHandler                    0x080002c7   Thumb Code     0  startup_stm32h750xx.o(.text)
    TIM15_IRQHandler                         0x080002c7   Thumb Code     0  startup_stm32h750xx.o(.text)
    TIM16_IRQHandler                         0x080002c7   Thumb Code     0  startup_stm32h750xx.o(.text)
    TIM17_IRQHandler                         0x080002c7   Thumb Code     0  startup_stm32h750xx.o(.text)
    TIM1_BRK_IRQHandler                      0x080002c7   Thumb Code     0  startup_stm32h750xx.o(.text)
    TIM1_CC_IRQHandler                       0x080002c7   Thumb Code     0  startup_stm32h750xx.o(.text)
    TIM1_TRG_COM_IRQHandler                  0x080002c7   Thumb Code     0  startup_stm32h750xx.o(.text)
    TIM1_UP_IRQHandler                       0x080002c7   Thumb Code     0  startup_stm32h750xx.o(.text)
    TIM2_IRQHandler                          0x080002c7   Thumb Code     0  startup_stm32h750xx.o(.text)
    TIM3_IRQHandler                          0x080002c7   Thumb Code     0  startup_stm32h750xx.o(.text)
    TIM4_IRQHandler                          0x080002c7   Thumb Code     0  startup_stm32h750xx.o(.text)
    TIM5_IRQHandler                          0x080002c7   Thumb Code     0  startup_stm32h750xx.o(.text)
    TIM6_DAC_IRQHandler                      0x080002c7   Thumb Code     0  startup_stm32h750xx.o(.text)
    TIM7_IRQHandler                          0x080002c7   Thumb Code     0  startup_stm32h750xx.o(.text)
    TIM8_BRK_TIM12_IRQHandler                0x080002c7   Thumb Code     0  startup_stm32h750xx.o(.text)
    TIM8_CC_IRQHandler                       0x080002c7   Thumb Code     0  startup_stm32h750xx.o(.text)
    TIM8_TRG_COM_TIM14_IRQHandler            0x080002c7   Thumb Code     0  startup_stm32h750xx.o(.text)
    TIM8_UP_TIM13_IRQHandler                 0x080002c7   Thumb Code     0  startup_stm32h750xx.o(.text)
    UART4_IRQHandler                         0x080002c7   Thumb Code     0  startup_stm32h750xx.o(.text)
    UART5_IRQHandler                         0x080002c7   Thumb Code     0  startup_stm32h750xx.o(.text)
    UART7_IRQHandler                         0x080002c7   Thumb Code     0  startup_stm32h750xx.o(.text)
    UART8_IRQHandler                         0x080002c7   Thumb Code     0  startup_stm32h750xx.o(.text)
    USART1_IRQHandler                        0x080002c7   Thumb Code     0  startup_stm32h750xx.o(.text)
    USART2_IRQHandler                        0x080002c7   Thumb Code     0  startup_stm32h750xx.o(.text)
    USART3_IRQHandler                        0x080002c7   Thumb Code     0  startup_stm32h750xx.o(.text)
    USART6_IRQHandler                        0x080002c7   Thumb Code     0  startup_stm32h750xx.o(.text)
    WAKEUP_PIN_IRQHandler                    0x080002c7   Thumb Code     0  startup_stm32h750xx.o(.text)
    WWDG_IRQHandler                          0x080002c7   Thumb Code     0  startup_stm32h750xx.o(.text)
    __aeabi_uldivmod                         0x080002d1   Thumb Code    98  uldiv.o(.text)
    __aeabi_memset                           0x08000333   Thumb Code    14  memseta.o(.text)
    __aeabi_memset4                          0x08000333   Thumb Code     0  memseta.o(.text)
    __aeabi_memset8                          0x08000333   Thumb Code     0  memseta.o(.text)
    __aeabi_memclr                           0x08000341   Thumb Code     4  memseta.o(.text)
    __aeabi_memclr4                          0x08000341   Thumb Code     0  memseta.o(.text)
    __aeabi_memclr8                          0x08000341   Thumb Code     0  memseta.o(.text)
    _memset$wrapper                          0x08000345   Thumb Code    18  memseta.o(.text)
    __aeabi_fadd                             0x08000357   Thumb Code   164  fadd.o(.text)
    __aeabi_fsub                             0x080003fb   Thumb Code     6  fadd.o(.text)
    __aeabi_frsub                            0x08000401   Thumb Code     6  fadd.o(.text)
    __aeabi_fmul                             0x08000407   Thumb Code   100  fmul.o(.text)
    __aeabi_fcmplt                           0x0800046b   Thumb Code    28  fcmplt.o(.text)
    __aeabi_i2f                              0x08000487   Thumb Code    18  fflti.o(.text)
    __aeabi_ui2f                             0x08000499   Thumb Code    10  ffltui.o(.text)
    __aeabi_f2iz                             0x080004a3   Thumb Code    50  ffixi.o(.text)
    __aeabi_f2uiz                            0x080004d5   Thumb Code    40  ffixui.o(.text)
    __aeabi_llsl                             0x080004fd   Thumb Code    30  llshl.o(.text)
    _ll_shift_l                              0x080004fd   Thumb Code     0  llshl.o(.text)
    __aeabi_llsr                             0x0800051b   Thumb Code    32  llushr.o(.text)
    _ll_ushift_r                             0x0800051b   Thumb Code     0  llushr.o(.text)
    __I$use$fp                               0x0800053b   Thumb Code     0  iusefp.o(.text)
    _float_round                             0x0800053b   Thumb Code    18  fepilogue.o(.text)
    _float_epilogue                          0x0800054d   Thumb Code    92  fepilogue.o(.text)
    _frem                                    0x080005a9   Thumb Code    82  frem.o(.text)
    __scatterload                            0x080005fd   Thumb Code    28  init.o(.text)
    __scatterload_rt2                        0x080005fd   Thumb Code     0  init.o(.text)
    arm_sin_f32                              0x08000621   Thumb Code   160  arm_sin_f32.o(.text.arm_sin_f32)
    ADC_ConfigureBoostMode                   0x080006c1   Thumb Code   236  stm32h7xx_hal_adc.o(i.ADC_ConfigureBoostMode)
    ADC_DMAConvCplt                          0x080007c9   Thumb Code   104  stm32h7xx_hal_adc.o(i.ADC_DMAConvCplt)
    ADC_DMAError                             0x08000831   Thumb Code    26  stm32h7xx_hal_adc.o(i.ADC_DMAError)
    ADC_DMAHalfConvCplt                      0x0800084b   Thumb Code    10  stm32h7xx_hal_adc.o(i.ADC_DMAHalfConvCplt)
    ADC_Enable                               0x08000855   Thumb Code   148  stm32h7xx_hal_adc.o(i.ADC_Enable)
    AS5600_Read_Reg                          0x080008fd   Thumb Code    22  as5600.o(i.AS5600_Read_Reg)
    BusFault_Handler                         0x08000919   Thumb Code     2  stm32h7xx_it.o(i.BusFault_Handler)
    Check_Sensor                             0x0800091d   Thumb Code    86  foc.o(i.Check_Sensor)
    CurrSense_Init                           0x08000985   Thumb Code    46  current.o(i.CurrSense_Init)
    DMA1_Stream0_IRQHandler                  0x080009c1   Thumb Code     6  stm32h7xx_it.o(i.DMA1_Stream0_IRQHandler)
    DebugMon_Handler                         0x08000e05   Thumb Code     2  stm32h7xx_it.o(i.DebugMon_Handler)
    DriftOffsets                             0x08000e09   Thumb Code   142  current.o(i.DriftOffsets)
    Error_Handler                            0x08000ea5   Thumb Code     4  main.o(i.Error_Handler)
    FOC_Init                                 0x08000ea9   Thumb Code    64  foc.o(i.FOC_Init)
    GetAngle                                 0x08000ef5   Thumb Code    80  as5600.o(i.GetAngle)
    GetAngle_Without_Track                   0x08000f4d   Thumb Code    56  as5600.o(i.GetAngle_Without_Track)
    GetVelocity                              0x08000f8d   Thumb Code   140  as5600.o(i.GetVelocity)
    HAL_ADCEx_MultiModeConfigChannel         0x08001031   Thumb Code   274  stm32h7xx_hal_adc_ex.o(i.HAL_ADCEx_MultiModeConfigChannel)
    HAL_ADC_ConfigChannel                    0x08001159   Thumb Code   926  stm32h7xx_hal_adc.o(i.HAL_ADC_ConfigChannel)
    HAL_ADC_ConvCpltCallback                 0x08001531   Thumb Code     2  stm32h7xx_hal_adc.o(i.HAL_ADC_ConvCpltCallback)
    HAL_ADC_ConvHalfCpltCallback             0x08001533   Thumb Code     2  stm32h7xx_hal_adc.o(i.HAL_ADC_ConvHalfCpltCallback)
    HAL_ADC_ErrorCallback                    0x08001535   Thumb Code     2  stm32h7xx_hal_adc.o(i.HAL_ADC_ErrorCallback)
    HAL_ADC_Init                             0x08001539   Thumb Code   498  stm32h7xx_hal_adc.o(i.HAL_ADC_Init)
    HAL_ADC_MspInit                          0x08001761   Thumb Code   224  adc.o(i.HAL_ADC_MspInit)
    HAL_ADC_Start_DMA                        0x08001859   Thumb Code   230  stm32h7xx_hal_adc.o(i.HAL_ADC_Start_DMA)
    HAL_DMA_IRQHandler                       0x08001961   Thumb Code  1756  stm32h7xx_hal_dma.o(i.HAL_DMA_IRQHandler)
    HAL_DMA_Init                             0x08002049   Thumb Code   926  stm32h7xx_hal_dma.o(i.HAL_DMA_Init)
    HAL_DMA_Start_IT                         0x0800240d   Thumb Code   628  stm32h7xx_hal_dma.o(i.HAL_DMA_Start_IT)
    HAL_Delay                                0x080026a9   Thumb Code    32  stm32h7xx_hal.o(i.HAL_Delay)
    HAL_GPIO_Init                            0x080026cd   Thumb Code   506  stm32h7xx_hal_gpio.o(i.HAL_GPIO_Init)
    HAL_GPIO_WritePin                        0x080028f9   Thumb Code    10  stm32h7xx_hal_gpio.o(i.HAL_GPIO_WritePin)
    HAL_GetREVID                             0x08002905   Thumb Code     8  stm32h7xx_hal.o(i.HAL_GetREVID)
    HAL_GetTick                              0x08002911   Thumb Code     6  stm32h7xx_hal.o(i.HAL_GetTick)
    HAL_I2CEx_ConfigAnalogFilter             0x0800291d   Thumb Code    88  stm32h7xx_hal_i2c_ex.o(i.HAL_I2CEx_ConfigAnalogFilter)
    HAL_I2CEx_ConfigDigitalFilter            0x08002975   Thumb Code    84  stm32h7xx_hal_i2c_ex.o(i.HAL_I2CEx_ConfigDigitalFilter)
    HAL_I2C_Init                             0x080029c9   Thumb Code   186  stm32h7xx_hal_i2c.o(i.HAL_I2C_Init)
    HAL_I2C_Mem_Read                         0x08002a89   Thumb Code   346  stm32h7xx_hal_i2c.o(i.HAL_I2C_Mem_Read)
    HAL_I2C_MspInit                          0x08002bed   Thumb Code   122  i2c.o(i.HAL_I2C_MspInit)
    HAL_IncTick                              0x08002c75   Thumb Code    12  stm32h7xx_hal.o(i.HAL_IncTick)
    HAL_Init                                 0x08002c85   Thumb Code    74  stm32h7xx_hal.o(i.HAL_Init)
    HAL_InitTick                             0x08002ce1   Thumb Code    56  stm32h7xx_hal.o(i.HAL_InitTick)
    HAL_MPU_ConfigRegion                     0x08002d21   Thumb Code    86  stm32h7xx_hal_cortex.o(i.HAL_MPU_ConfigRegion)
    HAL_MPU_Disable                          0x08002d7d   Thumb Code    24  stm32h7xx_hal_cortex.o(i.HAL_MPU_Disable)
    HAL_MPU_Enable                           0x08002d99   Thumb Code    30  stm32h7xx_hal_cortex.o(i.HAL_MPU_Enable)
    HAL_MspInit                              0x08002dbd   Thumb Code    22  stm32h7xx_hal_msp.o(i.HAL_MspInit)
    HAL_NVIC_EnableIRQ                       0x08002dd9   Thumb Code    26  stm32h7xx_hal_cortex.o(i.HAL_NVIC_EnableIRQ)
    HAL_NVIC_SetPriority                     0x08002df5   Thumb Code    60  stm32h7xx_hal_cortex.o(i.HAL_NVIC_SetPriority)
    HAL_NVIC_SetPriorityGrouping             0x08002e35   Thumb Code    28  stm32h7xx_hal_cortex.o(i.HAL_NVIC_SetPriorityGrouping)
    HAL_PWREx_ConfigSupply                   0x08002e59   Thumb Code    78  stm32h7xx_hal_pwr_ex.o(i.HAL_PWREx_ConfigSupply)
    HAL_RCCEx_GetD3PCLK1Freq                 0x08002ead   Thumb Code    26  stm32h7xx_hal_rcc_ex.o(i.HAL_RCCEx_GetD3PCLK1Freq)
    HAL_RCCEx_GetPLL1ClockFreq               0x08002ed1   Thumb Code   298  stm32h7xx_hal_rcc_ex.o(i.HAL_RCCEx_GetPLL1ClockFreq)
    HAL_RCCEx_GetPLL2ClockFreq               0x08003019   Thumb Code   296  stm32h7xx_hal_rcc_ex.o(i.HAL_RCCEx_GetPLL2ClockFreq)
    HAL_RCCEx_GetPLL3ClockFreq               0x0800315d   Thumb Code   296  stm32h7xx_hal_rcc_ex.o(i.HAL_RCCEx_GetPLL3ClockFreq)
    HAL_RCCEx_GetPeriphCLKFreq               0x080032a1   Thumb Code   692  stm32h7xx_hal_rcc_ex.o(i.HAL_RCCEx_GetPeriphCLKFreq)
    HAL_RCCEx_PeriphCLKConfig                0x08003569   Thumb Code  2472  stm32h7xx_hal_rcc_ex.o(i.HAL_RCCEx_PeriphCLKConfig)
    HAL_RCC_ClockConfig                      0x08003f15   Thumb Code   580  stm32h7xx_hal_rcc.o(i.HAL_RCC_ClockConfig)
    HAL_RCC_GetHCLKFreq                      0x08004171   Thumb Code    52  stm32h7xx_hal_rcc.o(i.HAL_RCC_GetHCLKFreq)
    HAL_RCC_GetPCLK1Freq                     0x080041b5   Thumb Code    26  stm32h7xx_hal_rcc.o(i.HAL_RCC_GetPCLK1Freq)
    HAL_RCC_GetPCLK2Freq                     0x080041d9   Thumb Code    26  stm32h7xx_hal_rcc.o(i.HAL_RCC_GetPCLK2Freq)
    HAL_RCC_GetSysClockFreq                  0x080041fd   Thumb Code   278  stm32h7xx_hal_rcc.o(i.HAL_RCC_GetSysClockFreq)
    HAL_RCC_OscConfig                        0x08004335   Thumb Code  1410  stm32h7xx_hal_rcc.o(i.HAL_RCC_OscConfig)
    HAL_SYSTICK_Config                       0x080048b7   Thumb Code    38  stm32h7xx_hal_cortex.o(i.HAL_SYSTICK_Config)
    HAL_TIMEx_MasterConfigSynchronization    0x080048dd   Thumb Code   134  stm32h7xx_hal_tim_ex.o(i.HAL_TIMEx_MasterConfigSynchronization)
    HAL_TIM_Base_Init                        0x08004981   Thumb Code    98  stm32h7xx_hal_tim.o(i.HAL_TIM_Base_Init)
    HAL_TIM_Base_MspInit                     0x080049e5   Thumb Code    30  tim.o(i.HAL_TIM_Base_MspInit)
    HAL_TIM_ConfigClockSource                0x08004a09   Thumb Code   248  stm32h7xx_hal_tim.o(i.HAL_TIM_ConfigClockSource)
    HAL_TIM_MspPostInit                      0x08004b05   Thumb Code    70  tim.o(i.HAL_TIM_MspPostInit)
    HAL_TIM_PWM_ConfigChannel                0x08004b55   Thumb Code   292  stm32h7xx_hal_tim.o(i.HAL_TIM_PWM_ConfigChannel)
    HAL_TIM_PWM_Init                         0x08004c79   Thumb Code    98  stm32h7xx_hal_tim.o(i.HAL_TIM_PWM_Init)
    HAL_TIM_PWM_MspInit                      0x08004cdb   Thumb Code     2  stm32h7xx_hal_tim.o(i.HAL_TIM_PWM_MspInit)
    HAL_TIM_PWM_Start                        0x08004cdd   Thumb Code   232  stm32h7xx_hal_tim.o(i.HAL_TIM_PWM_Start)
    HAL_UARTEx_DisableFifoMode               0x08004ded   Thumb Code    64  stm32h7xx_hal_uart_ex.o(i.HAL_UARTEx_DisableFifoMode)
    HAL_UARTEx_SetRxFifoThreshold            0x08004e2d   Thumb Code    76  stm32h7xx_hal_uart_ex.o(i.HAL_UARTEx_SetRxFifoThreshold)
    HAL_UARTEx_SetTxFifoThreshold            0x08004e79   Thumb Code    76  stm32h7xx_hal_uart_ex.o(i.HAL_UARTEx_SetTxFifoThreshold)
    HAL_UART_Init                            0x08004ec5   Thumb Code   106  stm32h7xx_hal_uart.o(i.HAL_UART_Init)
    HAL_UART_MspInit                         0x08004f31   Thumb Code   122  usart.o(i.HAL_UART_MspInit)
    HardFault_Handler                        0x08004fb9   Thumb Code     2  stm32h7xx_it.o(i.HardFault_Handler)
    Lowpassfilter                            0x080052f9   Thumb Code   150  filter.o(i.Lowpassfilter)
    M0_Set_Position_Velocity                 0x080053a1   Thumb Code    78  foc.o(i.M0_Set_Position_Velocity)
    MX_ADC1_Init                             0x080053f9   Thumb Code   152  adc.o(i.MX_ADC1_Init)
    MX_DMA_Init                              0x080054a1   Thumb Code    40  dma.o(i.MX_DMA_Init)
    MX_GPIO_Init                             0x080054cd   Thumb Code    54  gpio.o(i.MX_GPIO_Init)
    MX_I2C2_Init                             0x08005509   Thumb Code    76  i2c.o(i.MX_I2C2_Init)
    MX_TIM2_Init                             0x08005561   Thumb Code   180  tim.o(i.MX_TIM2_Init)
    MX_USART1_UART_Init                      0x08005619   Thumb Code    94  usart.o(i.MX_USART1_UART_Init)
    MemManage_Handler                        0x08005681   Thumb Code     2  stm32h7xx_it.o(i.MemManage_Handler)
    Motor_en                                 0x08005685   Thumb Code    68  foc.o(i.Motor_en)
    NMI_Handler                              0x080056d1   Thumb Code     2  stm32h7xx_it.o(i.NMI_Handler)
    PID_Controller                           0x080056d5   Thumb Code   196  pid.o(i.PID_Controller)
    PID_Init                                 0x080057a9   Thumb Code    26  pid.o(i.PID_Init)
    PWM_Channel1                             0x080057c9   Thumb Code    24  foc.o(i.PWM_Channel1)
    PWM_Channel2                             0x080057e5   Thumb Code    24  foc.o(i.PWM_Channel2)
    PWM_Channel3                             0x08005801   Thumb Code    24  foc.o(i.PWM_Channel3)
    PendSV_Handler                           0x0800581d   Thumb Code     2  stm32h7xx_it.o(i.PendSV_Handler)
    SVC_Handler                              0x08005a61   Thumb Code     2  stm32h7xx_it.o(i.SVC_Handler)
    SetPhaseVoltage                          0x08005a65   Thumb Code   126  foc.o(i.SetPhaseVoltage)
    SetPwm                                   0x08005aed   Thumb Code   210  foc.o(i.SetPwm)
    Set_Velocity                             0x08005bc9   Thumb Code    98  foc.o(i.Set_Velocity)
    SysTick_Handler                          0x08005c3d   Thumb Code     4  stm32h7xx_it.o(i.SysTick_Handler)
    SystemClock_Config                       0x08005c41   Thumb Code   208  main.o(i.SystemClock_Config)
    SystemInit                               0x08005d1d   Thumb Code   180  system_stm32h7xx.o(i.SystemInit)
    TIM_Base_SetConfig                       0x08005df9   Thumb Code   176  stm32h7xx_hal_tim.o(i.TIM_Base_SetConfig)
    TIM_CCxChannelCmd                        0x08005ec9   Thumb Code    26  stm32h7xx_hal_tim.o(i.TIM_CCxChannelCmd)
    TIM_ETR_SetConfig                        0x08005ee3   Thumb Code    18  stm32h7xx_hal_tim.o(i.TIM_ETR_SetConfig)
    TIM_OC2_SetConfig                        0x08005fad   Thumb Code   126  stm32h7xx_hal_tim.o(i.TIM_OC2_SetConfig)
    UART_AdvFeatureConfig                    0x080062c9   Thumb Code   200  stm32h7xx_hal_uart.o(i.UART_AdvFeatureConfig)
    UART_CheckIdleState                      0x08006391   Thumb Code   170  stm32h7xx_hal_uart.o(i.UART_CheckIdleState)
    UART_SetConfig                           0x08006491   Thumb Code   876  stm32h7xx_hal_uart.o(i.UART_SetConfig)
    UART_WaitOnFlagUntilTimeout              0x0800683d   Thumb Code   148  stm32h7xx_hal_uart.o(i.UART_WaitOnFlagUntilTimeout)
    UsageFault_Handler                       0x080068d1   Thumb Code     2  stm32h7xx_it.o(i.UsageFault_Handler)
    __ARM_fpclassifyf                        0x080068d3   Thumb Code    38  fpclassifyf.o(i.__ARM_fpclassifyf)
    __hardfp_cosf                            0x0800691d   Thumb Code   276  cosf.o(i.__hardfp_cosf)
    __hardfp_fmodf                           0x08006a6d   Thumb Code   176  fmodf.o(i.__hardfp_fmodf)
    __hardfp_sinf                            0x08006b1d   Thumb Code   344  sinf.o(i.__hardfp_sinf)
    __mathlib_flt_infnan                     0x08006cb1   Thumb Code     6  funder.o(i.__mathlib_flt_infnan)
    __mathlib_flt_invalid                    0x08006cb9   Thumb Code    10  funder.o(i.__mathlib_flt_invalid)
    __mathlib_flt_underflow                  0x08006cc9   Thumb Code    10  funder.o(i.__mathlib_flt_underflow)
    __mathlib_rredf2                         0x08006cd9   Thumb Code   316  rredf.o(i.__mathlib_rredf2)
    __scatterload_copy                       0x08006e2d   Thumb Code    14  handlers.o(i.__scatterload_copy)
    __scatterload_null                       0x08006e3b   Thumb Code     2  handlers.o(i.__scatterload_null)
    __scatterload_zeroinit                   0x08006e3d   Thumb Code    14  handlers.o(i.__scatterload_zeroinit)
    __set_errno                              0x08006e4d   Thumb Code     6  errno.o(i.__set_errno)
    _constrain                               0x08006e59   Thumb Code    32  pid.o(i._constrain)
    constrain                                0x08006e79   Thumb Code    32  foc.o(i.constrain)
    electricAngle                            0x08006e99   Thumb Code    50  foc.o(i.electricAngle)
    main                                     0x08006ed5   Thumb Code   240  main.o(i.main)
    normalizeAngle                           0x08006fe1   Thumb Code    38  foc.o(i.normalizeAngle)
    UARTPrescTable                           0x08007014   Data          24  stm32h7xx_hal_uart.o(.constdata)
    D1CorePrescTable                         0x0800703c   Data          16  system_stm32h7xx.o(.constdata)
    sinTable_f32                             0x0800706c   Data        2052  arm_common_tables.o(.rodata.sinTable_f32)
    Region$$Table$$Base                      0x08007870   Number         0  anon$$obj.o(Region$$Table)
    Region$$Table$$Limit                     0x08007890   Number         0  anon$$obj.o(Region$$Table)
    dt                                       0x24000000   Data           4  as5600.o(.data)
    _shunt_resistor                          0x24000004   Data           4  current.o(.data)
    amp_gain                                 0x24000008   Data           4  current.o(.data)
    vlots_to_amps                            0x2400000c   Data           4  current.o(.data)
    gain_a                                   0x24000010   Data           4  current.o(.data)
    gain_b                                   0x24000014   Data           4  current.o(.data)
    gain_c                                   0x24000018   Data           4  current.o(.data)
    A                                        0x2400001c   Data           4  current.o(.data)
    B                                        0x24000020   Data           4  current.o(.data)
    Samp_volts                               0x24000024   Data           8  current.o(.data)
    voltage_limit                            0x24000030   Data           4  foc.o(.data)
    voltage_power_supply                     0x24000034   Data           4  foc.o(.data)
    zero_electric_Angle                      0x24000038   Data           4  foc.o(.data)
    pp                                       0x2400003c   Data           4  foc.o(.data)
    Dir                                      0x24000040   Data           4  foc.o(.data)
    M0_DIR                                   0x24000044   Data           4  foc.o(.data)
    dutydata                                 0x24000048   Data           4  foc.o(.data)
    Cur_q                                    0x2400004c   Data           4  foc.o(.data)
    Iq                                       0x24000050   Data           4  foc.o(.data)
    shaft_angle                              0x24000058   Data           8  foc.o(.data)
    openloop_timestamp                       0x24000060   Data           8  foc.o(.data)
    M0_CUR_Filter                            0x24000068   Data          12  foc.o(.data)
    M0_VEL_Filter                            0x24000074   Data          12  foc.o(.data)
    target_position                          0x24000080   Data           4  main.o(.data)
    max_velocity                             0x24000084   Data           4  main.o(.data)
    reload_value                             0x24000088   Data           4  main.o(.data)
    c                                        0x2400008c   Data           4  main.o(.data)
    uwTickFreq                               0x24000090   Data           1  stm32h7xx_hal.o(.data)
    uwTickPrio                               0x24000094   Data           4  stm32h7xx_hal.o(.data)
    uwTick                                   0x24000098   Data           4  stm32h7xx_hal.o(.data)
    SystemCoreClock                          0x2400009c   Data           4  system_stm32h7xx.o(.data)
    SystemD2Clock                            0x240000a0   Data           4  system_stm32h7xx.o(.data)
    Angle_Sensor0                            0x240000a8   Data          28  foc.o(.bss)
    Current_Sensor0                          0x240000c4   Data          32  foc.o(.bss)
    Motor0                                   0x240000e4   Data          36  foc.o(.bss)
    velocity_pid                             0x24000108   Data          28  main.o(.bss)
    angle_pid                                0x24000124   Data          28  main.o(.bss)
    current_pid                              0x24000140   Data          28  main.o(.bss)
    hadc1                                    0x2400015c   Data         100  adc.o(.bss)
    hdma_adc1                                0x240001c0   Data         120  adc.o(.bss)
    hi2c2                                    0x24000238   Data          84  i2c.o(.bss)
    htim2                                    0x2400028c   Data          76  tim.o(.bss)
    huart1                                   0x240002d8   Data         148  usart.o(.bss)
    __initial_sp                             0x24000770   Data           0  startup_stm32h750xx.o(STACK)



==============================================================================

Memory Map of the image

  Image Entry point : 0x08000299

  Load Region LR_IROM1 (Base: 0x08000000, Size: 0x00007938, Max: 0x00020000, ABSOLUTE)

    Execution Region ER_IROM1 (Exec base: 0x08000000, Load base: 0x08000000, Size: 0x00007890, Max: 0x00020000, ABSOLUTE)

    Exec Addr    Load Addr    Size         Type   Attr      Idx    E Section Name        Object

    0x08000000   0x08000000   0x00000298   Data   RO            3    RESET               startup_stm32h750xx.o
    0x08000298   0x08000298   0x00000000   Code   RO         5555  * .ARM.Collect$$$$00000000  mc_w.l(entry.o)
    0x08000298   0x08000298   0x00000004   Code   RO         5629    .ARM.Collect$$$$00000001  mc_w.l(entry2.o)
    0x0800029c   0x0800029c   0x00000004   Code   RO         5632    .ARM.Collect$$$$00000004  mc_w.l(entry5.o)
    0x080002a0   0x080002a0   0x00000000   Code   RO         5634    .ARM.Collect$$$$00000008  mc_w.l(entry7b.o)
    0x080002a0   0x080002a0   0x00000000   Code   RO         5636    .ARM.Collect$$$$0000000A  mc_w.l(entry8b.o)
    0x080002a0   0x080002a0   0x00000008   Code   RO         5637    .ARM.Collect$$$$0000000B  mc_w.l(entry9a.o)
    0x080002a8   0x080002a8   0x00000000   Code   RO         5639    .ARM.Collect$$$$0000000D  mc_w.l(entry10a.o)
    0x080002a8   0x080002a8   0x00000000   Code   RO         5641    .ARM.Collect$$$$0000000F  mc_w.l(entry11a.o)
    0x080002a8   0x080002a8   0x00000004   Code   RO         5630    .ARM.Collect$$$$00002712  mc_w.l(entry2.o)
    0x080002ac   0x080002ac   0x00000024   Code   RO            4    .text               startup_stm32h750xx.o
    0x080002d0   0x080002d0   0x00000062   Code   RO         5558    .text               mc_w.l(uldiv.o)
    0x08000332   0x08000332   0x00000024   Code   RO         5562    .text               mc_w.l(memseta.o)
    0x08000356   0x08000356   0x000000b0   Code   RO         5596    .text               mf_w.l(fadd.o)
    0x08000406   0x08000406   0x00000064   Code   RO         5598    .text               mf_w.l(fmul.o)
    0x0800046a   0x0800046a   0x0000001c   Code   RO         5600    .text               mf_w.l(fcmplt.o)
    0x08000486   0x08000486   0x00000012   Code   RO         5602    .text               mf_w.l(fflti.o)
    0x08000498   0x08000498   0x0000000a   Code   RO         5604    .text               mf_w.l(ffltui.o)
    0x080004a2   0x080004a2   0x00000032   Code   RO         5606    .text               mf_w.l(ffixi.o)
    0x080004d4   0x080004d4   0x00000028   Code   RO         5608    .text               mf_w.l(ffixui.o)
    0x080004fc   0x080004fc   0x0000001e   Code   RO         5643    .text               mc_w.l(llshl.o)
    0x0800051a   0x0800051a   0x00000020   Code   RO         5645    .text               mc_w.l(llushr.o)
    0x0800053a   0x0800053a   0x00000000   Code   RO         5656    .text               mc_w.l(iusefp.o)
    0x0800053a   0x0800053a   0x0000006e   Code   RO         5657    .text               mf_w.l(fepilogue.o)
    0x080005a8   0x080005a8   0x00000052   Code   RO         5659    .text               mf_w.l(frem.o)
    0x080005fa   0x080005fa   0x00000002   PAD
    0x080005fc   0x080005fc   0x00000024   Code   RO         5661    .text               mc_w.l(init.o)
    0x08000620   0x08000620   0x000000a0   Code   RO         5415    .text.arm_sin_f32   arm_cortexM7l_math.lib(arm_sin_f32.o)
    0x080006c0   0x080006c0   0x00000108   Code   RO          994    i.ADC_ConfigureBoostMode  stm32h7xx_hal_adc.o
    0x080007c8   0x080007c8   0x00000068   Code   RO          996    i.ADC_DMAConvCplt   stm32h7xx_hal_adc.o
    0x08000830   0x08000830   0x0000001a   Code   RO          997    i.ADC_DMAError      stm32h7xx_hal_adc.o
    0x0800084a   0x0800084a   0x0000000a   Code   RO          998    i.ADC_DMAHalfConvCplt  stm32h7xx_hal_adc.o
    0x08000854   0x08000854   0x000000a8   Code   RO         1000    i.ADC_Enable        stm32h7xx_hal_adc.o
    0x080008fc   0x080008fc   0x0000001c   Code   RO           13    i.AS5600_Read_Reg   as5600.o
    0x08000918   0x08000918   0x00000002   Code   RO          842    i.BusFault_Handler  stm32h7xx_it.o
    0x0800091a   0x0800091a   0x00000002   PAD
    0x0800091c   0x0800091c   0x00000068   Code   RO          316    i.Check_Sensor      foc.o
    0x08000984   0x08000984   0x0000003c   Code   RO          214    i.CurrSense_Init    current.o
    0x080009c0   0x080009c0   0x0000000c   Code   RO          843    i.DMA1_Stream0_IRQHandler  stm32h7xx_it.o
    0x080009cc   0x080009cc   0x000000b4   Code   RO         2065    i.DMA_CalcBaseAndBitshift  stm32h7xx_hal_dma.o
    0x08000a80   0x08000a80   0x0000009c   Code   RO         2066    i.DMA_CalcDMAMUXChannelBaseAndMask  stm32h7xx_hal_dma.o
    0x08000b1c   0x08000b1c   0x00000074   Code   RO         2067    i.DMA_CalcDMAMUXRequestGenBaseAndMask  stm32h7xx_hal_dma.o
    0x08000b90   0x08000b90   0x00000054   Code   RO         2068    i.DMA_CheckFifoParam  stm32h7xx_hal_dma.o
    0x08000be4   0x08000be4   0x00000220   Code   RO         2069    i.DMA_SetConfig     stm32h7xx_hal_dma.o
    0x08000e04   0x08000e04   0x00000002   Code   RO          844    i.DebugMon_Handler  stm32h7xx_it.o
    0x08000e06   0x08000e06   0x00000002   PAD
    0x08000e08   0x08000e08   0x0000009c   Code   RO          215    i.DriftOffsets      current.o
    0x08000ea4   0x08000ea4   0x00000004   Code   RO          534    i.Error_Handler     main.o
    0x08000ea8   0x08000ea8   0x0000004c   Code   RO          317    i.FOC_Init          foc.o
    0x08000ef4   0x08000ef4   0x00000058   Code   RO           16    i.GetAngle          as5600.o
    0x08000f4c   0x08000f4c   0x00000040   Code   RO           17    i.GetAngle_Without_Track  as5600.o
    0x08000f8c   0x08000f8c   0x000000a4   Code   RO           18    i.GetVelocity       as5600.o
    0x08001030   0x08001030   0x00000128   Code   RO         1236    i.HAL_ADCEx_MultiModeConfigChannel  stm32h7xx_hal_adc_ex.o
    0x08001158   0x08001158   0x000003d8   Code   RO         1002    i.HAL_ADC_ConfigChannel  stm32h7xx_hal_adc.o
    0x08001530   0x08001530   0x00000002   Code   RO         1003    i.HAL_ADC_ConvCpltCallback  stm32h7xx_hal_adc.o
    0x08001532   0x08001532   0x00000002   Code   RO         1004    i.HAL_ADC_ConvHalfCpltCallback  stm32h7xx_hal_adc.o
    0x08001534   0x08001534   0x00000002   Code   RO         1006    i.HAL_ADC_ErrorCallback  stm32h7xx_hal_adc.o
    0x08001536   0x08001536   0x00000002   PAD
    0x08001538   0x08001538   0x00000228   Code   RO         1011    i.HAL_ADC_Init      stm32h7xx_hal_adc.o
    0x08001760   0x08001760   0x000000f8   Code   RO          645    i.HAL_ADC_MspInit   adc.o
    0x08001858   0x08001858   0x00000108   Code   RO         1018    i.HAL_ADC_Start_DMA  stm32h7xx_hal_adc.o
    0x08001960   0x08001960   0x000006e8   Code   RO         2075    i.HAL_DMA_IRQHandler  stm32h7xx_hal_dma.o
    0x08002048   0x08002048   0x000003c4   Code   RO         2076    i.HAL_DMA_Init      stm32h7xx_hal_dma.o
    0x0800240c   0x0800240c   0x0000029c   Code   RO         2080    i.HAL_DMA_Start_IT  stm32h7xx_hal_dma.o
    0x080026a8   0x080026a8   0x00000024   Code   RO         2932    i.HAL_Delay         stm32h7xx_hal.o
    0x080026cc   0x080026cc   0x0000022c   Code   RO         1918    i.HAL_GPIO_Init     stm32h7xx_hal_gpio.o
    0x080028f8   0x080028f8   0x0000000a   Code   RO         1922    i.HAL_GPIO_WritePin  stm32h7xx_hal_gpio.o
    0x08002902   0x08002902   0x00000002   PAD
    0x08002904   0x08002904   0x0000000c   Code   RO         2943    i.HAL_GetREVID      stm32h7xx_hal.o
    0x08002910   0x08002910   0x0000000c   Code   RO         2944    i.HAL_GetTick       stm32h7xx_hal.o
    0x0800291c   0x0800291c   0x00000058   Code   RO         3709    i.HAL_I2CEx_ConfigAnalogFilter  stm32h7xx_hal_i2c_ex.o
    0x08002974   0x08002974   0x00000054   Code   RO         3710    i.HAL_I2CEx_ConfigDigitalFilter  stm32h7xx_hal_i2c_ex.o
    0x080029c8   0x080029c8   0x000000c0   Code   RO         3248    i.HAL_I2C_Init      stm32h7xx_hal_i2c.o
    0x08002a88   0x08002a88   0x00000164   Code   RO         3266    i.HAL_I2C_Mem_Read  stm32h7xx_hal_i2c.o
    0x08002bec   0x08002bec   0x00000088   Code   RO          711    i.HAL_I2C_MspInit   i2c.o
    0x08002c74   0x08002c74   0x00000010   Code   RO         2950    i.HAL_IncTick       stm32h7xx_hal.o
    0x08002c84   0x08002c84   0x0000005c   Code   RO         2951    i.HAL_Init          stm32h7xx_hal.o
    0x08002ce0   0x08002ce0   0x00000040   Code   RO         2952    i.HAL_InitTick      stm32h7xx_hal.o
    0x08002d20   0x08002d20   0x0000005c   Code   RO         2773    i.HAL_MPU_ConfigRegion  stm32h7xx_hal_cortex.o
    0x08002d7c   0x08002d7c   0x0000001c   Code   RO         2774    i.HAL_MPU_Disable   stm32h7xx_hal_cortex.o
    0x08002d98   0x08002d98   0x00000024   Code   RO         2776    i.HAL_MPU_Enable    stm32h7xx_hal_cortex.o
    0x08002dbc   0x08002dbc   0x0000001c   Code   RO          924    i.HAL_MspInit       stm32h7xx_hal_msp.o
    0x08002dd8   0x08002dd8   0x0000001a   Code   RO         2780    i.HAL_NVIC_EnableIRQ  stm32h7xx_hal_cortex.o
    0x08002df2   0x08002df2   0x00000002   PAD
    0x08002df4   0x08002df4   0x00000040   Code   RO         2786    i.HAL_NVIC_SetPriority  stm32h7xx_hal_cortex.o
    0x08002e34   0x08002e34   0x00000024   Code   RO         2787    i.HAL_NVIC_SetPriorityGrouping  stm32h7xx_hal_cortex.o
    0x08002e58   0x08002e58   0x00000054   Code   RO         2519    i.HAL_PWREx_ConfigSupply  stm32h7xx_hal_pwr_ex.o
    0x08002eac   0x08002eac   0x00000024   Code   RO         1561    i.HAL_RCCEx_GetD3PCLK1Freq  stm32h7xx_hal_rcc_ex.o
    0x08002ed0   0x08002ed0   0x00000148   Code   RO         1562    i.HAL_RCCEx_GetPLL1ClockFreq  stm32h7xx_hal_rcc_ex.o
    0x08003018   0x08003018   0x00000144   Code   RO         1563    i.HAL_RCCEx_GetPLL2ClockFreq  stm32h7xx_hal_rcc_ex.o
    0x0800315c   0x0800315c   0x00000144   Code   RO         1564    i.HAL_RCCEx_GetPLL3ClockFreq  stm32h7xx_hal_rcc_ex.o
    0x080032a0   0x080032a0   0x000002c8   Code   RO         1566    i.HAL_RCCEx_GetPeriphCLKFreq  stm32h7xx_hal_rcc_ex.o
    0x08003568   0x08003568   0x000009ac   Code   RO         1570    i.HAL_RCCEx_PeriphCLKConfig  stm32h7xx_hal_rcc_ex.o
    0x08003f14   0x08003f14   0x0000025c   Code   RO         1446    i.HAL_RCC_ClockConfig  stm32h7xx_hal_rcc.o
    0x08004170   0x08004170   0x00000044   Code   RO         1451    i.HAL_RCC_GetHCLKFreq  stm32h7xx_hal_rcc.o
    0x080041b4   0x080041b4   0x00000024   Code   RO         1453    i.HAL_RCC_GetPCLK1Freq  stm32h7xx_hal_rcc.o
    0x080041d8   0x080041d8   0x00000024   Code   RO         1454    i.HAL_RCC_GetPCLK2Freq  stm32h7xx_hal_rcc.o
    0x080041fc   0x080041fc   0x00000138   Code   RO         1455    i.HAL_RCC_GetSysClockFreq  stm32h7xx_hal_rcc.o
    0x08004334   0x08004334   0x00000582   Code   RO         1458    i.HAL_RCC_OscConfig  stm32h7xx_hal_rcc.o
    0x080048b6   0x080048b6   0x00000026   Code   RO         2791    i.HAL_SYSTICK_Config  stm32h7xx_hal_cortex.o
    0x080048dc   0x080048dc   0x000000a4   Code   RO         4573    i.HAL_TIMEx_MasterConfigSynchronization  stm32h7xx_hal_tim_ex.o
    0x08004980   0x08004980   0x00000062   Code   RO         3837    i.HAL_TIM_Base_Init  stm32h7xx_hal_tim.o
    0x080049e2   0x080049e2   0x00000002   PAD
    0x080049e4   0x080049e4   0x00000024   Code   RO          753    i.HAL_TIM_Base_MspInit  tim.o
    0x08004a08   0x08004a08   0x000000fc   Code   RO         3846    i.HAL_TIM_ConfigClockSource  stm32h7xx_hal_tim.o
    0x08004b04   0x08004b04   0x00000050   Code   RO          754    i.HAL_TIM_MspPostInit  tim.o
    0x08004b54   0x08004b54   0x00000124   Code   RO         3909    i.HAL_TIM_PWM_ConfigChannel  stm32h7xx_hal_tim.o
    0x08004c78   0x08004c78   0x00000062   Code   RO         3912    i.HAL_TIM_PWM_Init  stm32h7xx_hal_tim.o
    0x08004cda   0x08004cda   0x00000002   Code   RO         3914    i.HAL_TIM_PWM_MspInit  stm32h7xx_hal_tim.o
    0x08004cdc   0x08004cdc   0x00000110   Code   RO         3917    i.HAL_TIM_PWM_Start  stm32h7xx_hal_tim.o
    0x08004dec   0x08004dec   0x00000040   Code   RO         5262    i.HAL_UARTEx_DisableFifoMode  stm32h7xx_hal_uart_ex.o
    0x08004e2c   0x08004e2c   0x0000004c   Code   RO         5271    i.HAL_UARTEx_SetRxFifoThreshold  stm32h7xx_hal_uart_ex.o
    0x08004e78   0x08004e78   0x0000004c   Code   RO         5272    i.HAL_UARTEx_SetTxFifoThreshold  stm32h7xx_hal_uart_ex.o
    0x08004ec4   0x08004ec4   0x0000006a   Code   RO         4871    i.HAL_UART_Init     stm32h7xx_hal_uart.o
    0x08004f2e   0x08004f2e   0x00000002   PAD
    0x08004f30   0x08004f30   0x00000088   Code   RO          801    i.HAL_UART_MspInit  usart.o
    0x08004fb8   0x08004fb8   0x00000002   Code   RO          845    i.HardFault_Handler  stm32h7xx_it.o
    0x08004fba   0x08004fba   0x00000022   Code   RO         3295    i.I2C_Flush_TXDR    stm32h7xx_hal_i2c.o
    0x08004fdc   0x08004fdc   0x00000110   Code   RO         3303    i.I2C_IsErrorOccurred  stm32h7xx_hal_i2c.o
    0x080050ec   0x080050ec   0x00000064   Code   RO         3308    i.I2C_RequestMemoryRead  stm32h7xx_hal_i2c.o
    0x08005150   0x08005150   0x00000030   Code   RO         3312    i.I2C_TransferConfig  stm32h7xx_hal_i2c.o
    0x08005180   0x08005180   0x0000007c   Code   RO         3314    i.I2C_WaitOnFlagUntilTimeout  stm32h7xx_hal_i2c.o
    0x080051fc   0x080051fc   0x00000058   Code   RO         3316    i.I2C_WaitOnSTOPFlagUntilTimeout  stm32h7xx_hal_i2c.o
    0x08005254   0x08005254   0x0000005c   Code   RO         3317    i.I2C_WaitOnTXISFlagUntilTimeout  stm32h7xx_hal_i2c.o
    0x080052b0   0x080052b0   0x00000008   Code   RO         1023    i.LL_ADC_INJ_IsConversionOngoing  stm32h7xx_hal_adc.o
    0x080052b8   0x080052b8   0x00000008   Code   RO         1024    i.LL_ADC_REG_IsConversionOngoing  stm32h7xx_hal_adc.o
    0x080052c0   0x080052c0   0x00000008   Code   RO         1246    i.LL_ADC_REG_IsConversionOngoing  stm32h7xx_hal_adc_ex.o
    0x080052c8   0x080052c8   0x00000010   Code   RO         1025    i.LL_ADC_REG_IsTriggerSourceSWStart  stm32h7xx_hal_adc.o
    0x080052d8   0x080052d8   0x0000001e   Code   RO         1027    i.LL_ADC_SetChannelSamplingTime  stm32h7xx_hal_adc.o
    0x080052f6   0x080052f6   0x00000002   PAD
    0x080052f8   0x080052f8   0x000000a8   Code   RO          273    i.Lowpassfilter     filter.o
    0x080053a0   0x080053a0   0x00000058   Code   RO          319    i.M0_Set_Position_Velocity  foc.o
    0x080053f8   0x080053f8   0x000000a8   Code   RO          646    i.MX_ADC1_Init      adc.o
    0x080054a0   0x080054a0   0x0000002c   Code   RO          686    i.MX_DMA_Init       dma.o
    0x080054cc   0x080054cc   0x0000003c   Code   RO          620    i.MX_GPIO_Init      gpio.o
    0x08005508   0x08005508   0x00000058   Code   RO          712    i.MX_I2C2_Init      i2c.o
    0x08005560   0x08005560   0x000000b8   Code   RO          755    i.MX_TIM2_Init      tim.o
    0x08005618   0x08005618   0x00000068   Code   RO          802    i.MX_USART1_UART_Init  usart.o
    0x08005680   0x08005680   0x00000002   Code   RO          846    i.MemManage_Handler  stm32h7xx_it.o
    0x08005682   0x08005682   0x00000002   PAD
    0x08005684   0x08005684   0x0000004c   Code   RO          323    i.Motor_en          foc.o
    0x080056d0   0x080056d0   0x00000002   Code   RO          847    i.NMI_Handler       stm32h7xx_it.o
    0x080056d2   0x080056d2   0x00000002   PAD
    0x080056d4   0x080056d4   0x000000d4   Code   RO          492    i.PID_Controller    pid.o
    0x080057a8   0x080057a8   0x00000020   Code   RO          494    i.PID_Init          pid.o
    0x080057c8   0x080057c8   0x0000001c   Code   RO          324    i.PWM_Channel1      foc.o
    0x080057e4   0x080057e4   0x0000001c   Code   RO          325    i.PWM_Channel2      foc.o
    0x08005800   0x08005800   0x0000001c   Code   RO          326    i.PWM_Channel3      foc.o
    0x0800581c   0x0800581c   0x00000002   Code   RO          848    i.PendSV_Handler    stm32h7xx_it.o
    0x0800581e   0x0800581e   0x00000002   PAD
    0x08005820   0x08005820   0x00000120   Code   RO         1573    i.RCCEx_PLL2_Config  stm32h7xx_hal_rcc_ex.o
    0x08005940   0x08005940   0x00000120   Code   RO         1574    i.RCCEx_PLL3_Config  stm32h7xx_hal_rcc_ex.o
    0x08005a60   0x08005a60   0x00000002   Code   RO          849    i.SVC_Handler       stm32h7xx_it.o
    0x08005a62   0x08005a62   0x00000002   PAD
    0x08005a64   0x08005a64   0x00000088   Code   RO          327    i.SetPhaseVoltage   foc.o
    0x08005aec   0x08005aec   0x000000dc   Code   RO          328    i.SetPwm            foc.o
    0x08005bc8   0x08005bc8   0x00000074   Code   RO          331    i.Set_Velocity      foc.o
    0x08005c3c   0x08005c3c   0x00000004   Code   RO          850    i.SysTick_Handler   stm32h7xx_it.o
    0x08005c40   0x08005c40   0x000000dc   Code   RO          535    i.SystemClock_Config  main.o
    0x08005d1c   0x08005d1c   0x000000dc   Code   RO         5381    i.SystemInit        system_stm32h7xx.o
    0x08005df8   0x08005df8   0x000000d0   Code   RO         3930    i.TIM_Base_SetConfig  stm32h7xx_hal_tim.o
    0x08005ec8   0x08005ec8   0x0000001a   Code   RO         3931    i.TIM_CCxChannelCmd  stm32h7xx_hal_tim.o
    0x08005ee2   0x08005ee2   0x00000012   Code   RO         3941    i.TIM_ETR_SetConfig  stm32h7xx_hal_tim.o
    0x08005ef4   0x08005ef4   0x00000014   Code   RO         3942    i.TIM_ITRx_SetConfig  stm32h7xx_hal_tim.o
    0x08005f08   0x08005f08   0x000000a4   Code   RO         3943    i.TIM_OC1_SetConfig  stm32h7xx_hal_tim.o
    0x08005fac   0x08005fac   0x00000098   Code   RO         3944    i.TIM_OC2_SetConfig  stm32h7xx_hal_tim.o
    0x08006044   0x08006044   0x00000098   Code   RO         3945    i.TIM_OC3_SetConfig  stm32h7xx_hal_tim.o
    0x080060dc   0x080060dc   0x00000078   Code   RO         3946    i.TIM_OC4_SetConfig  stm32h7xx_hal_tim.o
    0x08006154   0x08006154   0x00000074   Code   RO         3947    i.TIM_OC5_SetConfig  stm32h7xx_hal_tim.o
    0x080061c8   0x080061c8   0x00000074   Code   RO         3948    i.TIM_OC6_SetConfig  stm32h7xx_hal_tim.o
    0x0800623c   0x0800623c   0x00000022   Code   RO         3950    i.TIM_TI1_ConfigInputStage  stm32h7xx_hal_tim.o
    0x0800625e   0x0800625e   0x00000024   Code   RO         3952    i.TIM_TI2_ConfigInputStage  stm32h7xx_hal_tim.o
    0x08006282   0x08006282   0x00000002   PAD
    0x08006284   0x08006284   0x00000044   Code   RO         5276    i.UARTEx_SetNbDataToProcess  stm32h7xx_hal_uart_ex.o
    0x080062c8   0x080062c8   0x000000c8   Code   RO         4885    i.UART_AdvFeatureConfig  stm32h7xx_hal_uart.o
    0x08006390   0x08006390   0x000000aa   Code   RO         4886    i.UART_CheckIdleState  stm32h7xx_hal_uart.o
    0x0800643a   0x0800643a   0x00000002   PAD
    0x0800643c   0x0800643c   0x00000054   Code   RO         4897    i.UART_EndRxTransfer  stm32h7xx_hal_uart.o
    0x08006490   0x08006490   0x000003ac   Code   RO         4903    i.UART_SetConfig    stm32h7xx_hal_uart.o
    0x0800683c   0x0800683c   0x00000094   Code   RO         4910    i.UART_WaitOnFlagUntilTimeout  stm32h7xx_hal_uart.o
    0x080068d0   0x080068d0   0x00000002   Code   RO          851    i.UsageFault_Handler  stm32h7xx_it.o
    0x080068d2   0x080068d2   0x00000026   Code   RO         5610    i.__ARM_fpclassifyf  m_wv.l(fpclassifyf.o)
    0x080068f8   0x080068f8   0x00000022   Code   RO         2793    i.__NVIC_SetPriority  stm32h7xx_hal_cortex.o
    0x0800691a   0x0800691a   0x00000002   PAD
    0x0800691c   0x0800691c   0x00000150   Code   RO         5519    i.__hardfp_cosf     m_wv.l(cosf.o)
    0x08006a6c   0x08006a6c   0x000000b0   Code   RO         5531    i.__hardfp_fmodf    m_wv.l(fmodf.o)
    0x08006b1c   0x08006b1c   0x00000194   Code   RO         5543    i.__hardfp_sinf     m_wv.l(sinf.o)
    0x08006cb0   0x08006cb0   0x00000006   Code   RO         5613    i.__mathlib_flt_infnan  m_wv.l(funder.o)
    0x08006cb6   0x08006cb6   0x00000002   PAD
    0x08006cb8   0x08006cb8   0x00000010   Code   RO         5615    i.__mathlib_flt_invalid  m_wv.l(funder.o)
    0x08006cc8   0x08006cc8   0x00000010   Code   RO         5618    i.__mathlib_flt_underflow  m_wv.l(funder.o)
    0x08006cd8   0x08006cd8   0x00000154   Code   RO         5626    i.__mathlib_rredf2  m_wv.l(rredf.o)
    0x08006e2c   0x08006e2c   0x0000000e   Code   RO         5665    i.__scatterload_copy  mc_w.l(handlers.o)
    0x08006e3a   0x08006e3a   0x00000002   Code   RO         5666    i.__scatterload_null  mc_w.l(handlers.o)
    0x08006e3c   0x08006e3c   0x0000000e   Code   RO         5667    i.__scatterload_zeroinit  mc_w.l(handlers.o)
    0x08006e4a   0x08006e4a   0x00000002   PAD
    0x08006e4c   0x08006e4c   0x0000000c   Code   RO         5651    i.__set_errno       mc_w.l(errno.o)
    0x08006e58   0x08006e58   0x00000020   Code   RO          495    i._constrain        pid.o
    0x08006e78   0x08006e78   0x00000020   Code   RO          333    i.constrain         foc.o
    0x08006e98   0x08006e98   0x0000003c   Code   RO          334    i.electricAngle     foc.o
    0x08006ed4   0x08006ed4   0x0000010c   Code   RO          538    i.main              main.o
    0x08006fe0   0x08006fe0   0x0000002c   Code   RO          335    i.normalizeAngle    foc.o
    0x0800700c   0x0800700c   0x00000008   Data   RO         2082    .constdata          stm32h7xx_hal_dma.o
    0x08007014   0x08007014   0x00000018   Data   RO         4911    .constdata          stm32h7xx_hal_uart.o
    0x0800702c   0x0800702c   0x00000010   Data   RO         5277    .constdata          stm32h7xx_hal_uart_ex.o
    0x0800703c   0x0800703c   0x00000010   Data   RO         5382    .constdata          system_stm32h7xx.o
    0x0800704c   0x0800704c   0x00000020   Data   RO         5627    .constdata          m_wv.l(rredf.o)
    0x0800706c   0x0800706c   0x00000804   Data   RO         5511    .rodata.sinTable_f32  arm_cortexM7l_math.lib(arm_common_tables.o)
    0x08007870   0x08007870   0x00000020   Data   RO         5663    Region$$Table       anon$$obj.o


    Execution Region RW_IRAM1 (Exec base: 0x20000000, Load base: 0x08007890, Size: 0x00000000, Max: 0x00020000, ABSOLUTE)

    **** No section assigned to this execution region ****


    Execution Region RW_IRAM2 (Exec base: 0x24000000, Load base: 0x08007890, Size: 0x00000770, Max: 0x00080000, ABSOLUTE)

    Exec Addr    Load Addr    Size         Type   Attr      Idx    E Section Name        Object

    0x24000000   0x08007890   0x00000004   Data   RW           19    .data               as5600.o
    0x24000004   0x08007894   0x00000028   Data   RW          218    .data               current.o
    0x2400002c   0x080078bc   0x00000004   PAD
    0x24000030   0x080078c0   0x00000050   Data   RW          339    .data               foc.o
    0x24000080   0x08007910   0x00000010   Data   RW          543    .data               main.o
    0x24000090   0x08007920   0x0000000c   Data   RW         2973    .data               stm32h7xx_hal.o
    0x2400009c   0x0800792c   0x00000008   Data   RW         5383    .data               system_stm32h7xx.o
    0x240000a4   0x08007934   0x00000004   Data   RW         5652    .data               mc_w.l(errno.o)
    0x240000a8        -       0x00000060   Zero   RW          337    .bss                foc.o
    0x24000108        -       0x00000054   Zero   RW          539    .bss                main.o
    0x2400015c        -       0x000000dc   Zero   RW          647    .bss                adc.o
    0x24000238        -       0x00000054   Zero   RW          713    .bss                i2c.o
    0x2400028c        -       0x0000004c   Zero   RW          756    .bss                tim.o
    0x240002d8        -       0x00000094   Zero   RW          803    .bss                usart.o
    0x2400036c   0x08007938   0x00000004   PAD
    0x24000370        -       0x00000400   Zero   RW            1    STACK               startup_stm32h750xx.o


==============================================================================

Image component sizes


      Code (inc. data)   RO Data    RW Data    ZI Data      Debug   Object Name

       416         40          0          0        220       2183   adc.o
       344         46          0          4          0    1346676   as5600.o
       216         28          0         40          0       2783   current.o
        44          4          0          0          0        918   dma.o
       168         18          0          0          0       1228   filter.o
      1036        114          0         80         96      11583   foc.o
        60          6          0          0          0        967   gpio.o
       224         26          0          0         84       1929   i2c.o
       492         40          0         16         84       3827   main.o
       276         22          0          0          0       2425   pid.o
        36          8        664          0       1024        844   startup_stm32h750xx.o
       232         44          0         12          0      23524   stm32h7xx_hal.o
      2440        206          0          0          0      75366   stm32h7xx_hal_adc.o
       304         22          0          0          0      63159   stm32h7xx_hal_adc_ex.o
       354         28          0          0          0      42009   stm32h7xx_hal_cortex.o
      4480        176          8          0          0      10043   stm32h7xx_hal_dma.o
       566         50          0          0          0       2344   stm32h7xx_hal_gpio.o
      1306         30          0          0          0      10478   stm32h7xx_hal_i2c.o
       172          0          0          0          0       2123   stm32h7xx_hal_i2c_ex.o
        28          6          0          0          0        958   stm32h7xx_hal_msp.o
        84          6          0          0          0        801   stm32h7xx_hal_pwr_ex.o
      2466        102          0          0          0       7244   stm32h7xx_hal_rcc.o
      4776        174          0          0          0      10663   stm32h7xx_hal_rcc_ex.o
      2176        240          0          0          0      15084   stm32h7xx_hal_tim.o
       164         30          0          0          0       1596   stm32h7xx_hal_tim_ex.o
      1648        112         24          0          0      25786   stm32h7xx_hal_uart.o
       284          6         16          0          0       3877   stm32h7xx_hal_uart_ex.o
        32          6          0          0          0       4752   stm32h7xx_it.o
       220         40         16          8          0       1554   system_stm32h7xx.o
       300         20          0          0         76       2600   tim.o
       240         24          0          0        148       1982   usart.o

    ----------------------------------------------------------------------
     25614       1674        760        164       1736    1681306   Object Totals
         0          0         32          0          0          0   (incl. Generated)
        30          0          0          4          4          0   (incl. Padding)

    ----------------------------------------------------------------------

      Code (inc. data)   RO Data    RW Data    ZI Data      Debug   Library Member Name

         0          0       2052          0          0       4961   arm_common_tables.o
       160          0          0          0          0        958   arm_sin_f32.o
       336         60          0          0          0        136   cosf.o
       176          0          0          0          0        168   fmodf.o
        38          0          0          0          0        116   fpclassifyf.o
        38         12          0          0          0        348   funder.o
       340         24         32          0          0        160   rredf.o
       404         60          0          0          0        212   sinf.o
         0          0          0          0          0          0   entry.o
         0          0          0          0          0          0   entry10a.o
         0          0          0          0          0          0   entry11a.o
         8          4          0          0          0          0   entry2.o
         4          0          0          0          0          0   entry5.o
         0          0          0          0          0          0   entry7b.o
         0          0          0          0          0          0   entry8b.o
         8          4          0          0          0          0   entry9a.o
        12          6          0          4          0         68   errno.o
        30          0          0          0          0          0   handlers.o
        36          8          0          0          0         68   init.o
         0          0          0          0          0          0   iusefp.o
        30          0          0          0          0         68   llshl.o
        32          0          0          0          0         68   llushr.o
        36          0          0          0          0        108   memseta.o
        98          0          0          0          0         92   uldiv.o
       176          0          0          0          0        140   fadd.o
        28          0          0          0          0         68   fcmplt.o
       110          0          0          0          0        168   fepilogue.o
        50          0          0          0          0         68   ffixi.o
        40          0          0          0          0         68   ffixui.o
        18          0          0          0          0         68   fflti.o
        10          0          0          0          0         68   ffltui.o
       100          0          0          0          0         76   fmul.o
        82          0          0          0          0         96   frem.o

    ----------------------------------------------------------------------
      2406        178       2084          4          0       8351   Library Totals
         6          0          0          0          0          0   (incl. Padding)

    ----------------------------------------------------------------------

      Code (inc. data)   RO Data    RW Data    ZI Data      Debug   Library Name

       160          0       2052          0          0       5919   arm_cortexM7l_math.lib
      1332        156         32          0          0       1140   m_wv.l
       294         22          0          4          0        472   mc_w.l
       614          0          0          0          0        820   mf_w.l

    ----------------------------------------------------------------------
      2406        178       2084          4          0       8351   Library Totals

    ----------------------------------------------------------------------

==============================================================================


      Code (inc. data)   RO Data    RW Data    ZI Data      Debug   

     28020       1852       2844        168       1736    1675289   Grand Totals
     28020       1852       2844        168       1736    1675289   ELF Image Totals
     28020       1852       2844        168          0          0   ROM Totals

==============================================================================

    Total RO  Size (Code + RO Data)                30864 (  30.14kB)
    Total RW  Size (RW Data + ZI Data)              1904 (   1.86kB)
    Total ROM Size (Code + RO Data + RW Data)      31032 (  30.30kB)

==============================================================================

